Puppeteer node: Container detected via .dockerenv file
Puppeteer node: Container detected via .dockerenv file
Failed to load Custom API options for the node "n8n-nodes-base.confluence": Unknown credential name "confluenceCloudOAuth2Api"
n8n Task Broker ready on 127.0.0.1, port 5690
Failed to start Python task runner in internal mode. because Python 3 is missing from this system. Launching a Python runner in internal mode is intended only for debugging and is not recommended for production. Users are encouraged to deploy in external mode. See: https://docs.n8n.io/hosting/configuration/task-runners/#setting-up-external-mode
[license SDK] Skipping renewal on init: renewOnInit is disabled in config
[license SDK] Skipping renewal on init: autoRenewEnabled is disabled in config
[license SDK] Skipping renewal on init: license cert is not initialized
Registered runner "JS Task Runner" (LOQnSd4Mjhgy4myC1OG_W) 
{
  "data": {
    "version": 1,
    "startData": {},
    "resultData": {
      "runData": {
        "Manual Trigger": [
          {
            "startTime": 1790356092326,
            "executionIndex": 0,
            "source": [],
            "hints": [],
            "executionTime": 1,
            "executionStatus": "success",
            "data": {
              "main": [
                [
                  {
                    "json": {},
                    "pairedItem": {
                      "item": 0
                    }
                  }
                ]
              ]
            }
          }
        ],
        "GET /mock/abandoned-carts": [
          {
            "startTime": 1790356092328,
            "executionIndex": 1,
            "source": [
              {
                "previousNode": "Manual Trigger",
                "previousNodeOutput": 0,
                "previousNodeRun": 0
              }
            ],
            "hints": [],
            "executionTime": 257,
            "executionStatus": "success",
            "data": {
              "main": [
                [
                  {
                    "json": {
                      "userId": 1,
                      "id": 1,
                      "title": "sunt aut facere repellat provident occaecati excepturi optio reprehenderit",
                      "body": "quia et suscipit\nsuscipit recusandae consequuntur expedita et cum\nreprehenderit molestiae ut ut quas totam\nnostrum rerum est autem sunt rem eveniet architecto"
                    },
                    "pairedItem": {
                      "item": 0
                    }
                  },
                  {
                    "json": {
                      "userId": 1,
                      "id": 2,
                      "title": "qui est esse",
                      "body": "est rerum tempore vitae\nsequi sint nihil reprehenderit dolor beatae ea dolores neque\nfugiat blanditiis voluptate porro vel nihil molestiae ut reiciendis\nqui aperiam non debitis possimus qui neque nisi nulla"
                    },
                    "pairedItem": {
                      "item": 0
                    }
                  },
                  {
                    "json": {
                      "userId": 1,
                      "id": 3,
                      "title": "ea molestias quasi exercitationem repellat qui ipsa sit aut",
                      "body": "et iusto sed quo iure\nvoluptatem occaecati omnis eligendi aut ad\nvoluptatem doloribus vel accusantium quis pariatur\nmolestiae porro eius odio et labore et velit aut"
                    },
                    "pairedItem": {
                      "item": 0
                    }
                  },
                  {
                    "json": {
                      "userId": 1,
                      "id": 4,
                      "title": "eum et est occaecati",
                      "body": "ullam et saepe reiciendis voluptatem adipisci\nsit amet autem assumenda provident rerum culpa\nquis hic commodi nesciunt rem tenetur doloremque ipsam iure\nquis sunt voluptatem rerum illo velit"
                    },
                    "pairedItem": {
                      "item": 0
                    }
                  },
                  {
                    "json": {
                      "userId": 1,
                      "id": 5,
                      "title": "nesciunt quas odio",
                      "body": "repudiandae veniam quaerat sunt sed\nalias aut fugiat sit autem sed est\nvoluptatem omnis possimus esse voluptatibus quis\nest aut tenetur dolor neque"
                    },
                    "pairedItem": {
                      "item": 0
                    }
                  },
                  {
                    "json": {
                      "userId": 1,
                      "id": 6,
                      "title": "dolorem eum magni eos aperiam quia",
                      "body": "ut aspernatur corporis harum nihil quis provident sequi\nmollitia nobis aliquid molestiae\nperspiciatis et ea nemo ab reprehenderit accusantium quas\nvoluptate dolores velit et doloremque molestiae"
                    },
                    "pairedItem": {
                      "item": 0
                    }
                  },
                  {
                    "json": {
                      "userId": 1,
                      "id": 7,
                      "title": "magnam facilis autem",
                      "body": "dolore placeat quibusdam ea quo vitae\nmagni quis enim qui quis quo nemo aut saepe\nquidem repellat excepturi ut quia\nsunt ut sequi eos ea sed quas"
                    },
                    "pairedItem": {
                      "item": 0
                    }
                  },
                  {
                    "json": {
                      "userId": 1,
                      "id": 8,
                      "title": "dolorem dolore est ipsam",
                      "body": "dignissimos aperiam dolorem qui eum\nfacilis quibusdam animi sint suscipit qui sint possimus cum\nquaerat magni maiores excepturi\nipsam ut commodi dolor voluptatum modi aut vitae"
                    },
                    "pairedItem": {
                      "item": 0
                    }
                  },
                  {
                    "json": {
                      "userId": 1,
                      "id": 9,
                      "title": "nesciunt iure omnis dolorem tempora et accusantium",
                      "body": "consectetur animi nesciunt iure dolore\nenim quia ad\nveniam autem ut quam aut nobis\net est aut quod aut provident voluptas autem voluptas"
                    },
                    "pairedItem": {
                      "item": 0
                    }
                  },
                  {
                    "json": {
                      "userId": 1,
                      "id": 10,
                      "title": "optio molestias id quia eum",
                      "body": "quo et expedita modi cum officia vel magni\ndoloribus qui repudiandae\nvero nisi sit\nquos veniam quod sed accusamus veritatis error"
                    },
                    "pairedItem": {
                      "item": 0
                    }
                  },
                  {
                    "json": {
                      "userId": 2,
                      "id": 11,
                      "title": "et ea vero quia laudantium autem",
                      "body": "delectus reiciendis molestiae occaecati non minima eveniet qui voluptatibus\naccusamus in eum beatae sit\nvel qui neque voluptates ut commodi qui incidunt\nut animi commodi"
                    },
                    "pairedItem": {
                      "item": 0
                    }
                  },
                  {
                    "json": {
                      "userId": 2,
                      "id": 12,
                      "title": "in quibusdam tempore odit est dolorem",
                      "body": "itaque id aut magnam\npraesentium quia et ea odit et ea voluptas et\nsapiente quia nihil amet occaecati quia id voluptatem\nincidunt ea est distinctio odio"
                    },
                    "pairedItem": {
                      "item": 0
                    }
                  },
                  {
                    "json": {
                      "userId": 2,
                      "id": 13,
                      "title": "dolorum ut in voluptas mollitia et saepe quo animi",
                      "body": "aut dicta possimus sint mollitia voluptas commodi quo doloremque\niste corrupti reiciendis voluptatem eius rerum\nsit cumque quod eligendi laborum minima\nperferendis recusandae assumenda consectetur porro architecto ipsum ipsam"
                    },
                    "pairedItem": {
                      "item": 0
                    }
                  },
                  {
                    "json": {
                      "userId": 2,
                      "id": 14,
                      "title": "voluptatem eligendi optio",
                      "body": "fuga et accusamus dolorum perferendis illo voluptas\nnon doloremque neque facere\nad qui dolorum molestiae beatae\nsed aut voluptas totam sit illum"
                    },
                    "pairedItem": {
                      "item": 0
                    }
                  },
                  {
                    "json": {
                      "userId": 2,
                      "id": 15,
                      "title": "eveniet quod temporibus",
                      "body": "reprehenderit quos placeat\nvelit minima officia dolores impedit repudiandae molestiae nam\nvoluptas recusandae quis delectus\nofficiis harum fugiat vitae"
                    },
                    "pairedItem": {
                      "item": 0
                    }
                  },
                  {
                    "json": {
                      "userId": 2,
                      "id": 16,
                      "title": "sint suscipit perspiciatis velit dolorum rerum ipsa laboriosam odio",
                      "body": "suscipit nam nisi quo aperiam aut\nasperiores eos fugit maiores voluptatibus quia\nvoluptatem quis ullam qui in alias quia est\nconsequatur magni mollitia accusamus ea nisi voluptate dicta"
                    },
                    "pairedItem": {
                      "item": 0
                    }
                  },
                  {
                    "json": {
                      "userId": 2,
                      "id": 17,
                      "title": "fugit voluptas sed molestias voluptatem provident",
                      "body": "eos voluptas et aut odit natus earum\naspernatur fuga molestiae ullam\ndeserunt ratione qui eos\nqui nihil ratione nemo velit ut aut id quo"
                    },
                    "pairedItem": {
                      "item": 0
                    }
                  },
                  {
                    "json": {
                      "userId": 2,
                      "id": 18,
                      "title": "voluptate et itaque vero tempora molestiae",
                      "body": "eveniet quo quis\nlaborum totam consequatur non dolor\nut et est repudiandae\nest voluptatem vel debitis et magnam"
                    },
                    "pairedItem": {
                      "item": 0
                    }
                  },
                  {
                    "json": {
                      "userId": 2,
                      "id": 19,
                      "title": "adipisci placeat illum aut reiciendis qui",
                      "body": "illum quis cupiditate provident sit magnam\nea sed aut omnis\nveniam maiores ullam consequatur atque\nadipisci quo iste expedita sit quos voluptas"
                    },
                    "pairedItem": {
                      "item": 0
                    }
                  },
                  {
                    "json": {
                      "userId": 2,
                      "id": 20,
                      "title": "doloribus ad provident suscipit at",
                      "body": "qui consequuntur ducimus possimus quisquam amet similique\nsuscipit porro ipsam amet\neos veritatis officiis exercitationem vel fugit aut necessitatibus totam\nomnis rerum consequatur expedita quidem cumque explicabo"
                    },
                    "pairedItem": {
                      "item": 0
                    }
                  },
                  {
                    "json": {
                      "userId": 3,
                      "id": 21,
                      "title": "asperiores ea ipsam voluptatibus modi minima quia sint",
                      "body": "repellat aliquid praesentium dolorem quo\nsed totam minus non itaque\nnihil labore molestiae sunt dolor eveniet hic recusandae veniam\ntempora et tenetur expedita sunt"
                    },
                    "pairedItem": {
                      "item": 0
                    }
                  },
                  {
                    "json": {
                      "userId": 3,
                      "id": 22,
                      "title": "dolor sint quo a velit explicabo quia nam",
                      "body": "eos qui et ipsum ipsam suscipit aut\nsed omnis non odio\nexpedita earum mollitia molestiae aut atque rem suscipit\nnam impedit esse"
                    },
                    "pairedItem": {
                      "item": 0
                    }
                  },
                  {
                    "json": {
                      "userId": 3,
                      "id": 23,
                      "title": "maxime id vitae nihil numquam",
                      "body": "veritatis unde neque eligendi\nquae quod architecto quo neque vitae\nest illo sit tempora doloremque fugit quod\net et vel beatae sequi ullam sed tenetur perspiciatis"
                    },
                    "pairedItem": {
                      "item": 0
                    }
                  },
                  {
                    "json": {
                      "userId": 3,
                      "id": 24,
                      "title": "autem hic labore sunt dolores incidunt",
                      "body": "enim et ex nulla\nomnis voluptas quia qui\nvoluptatem consequatur numquam aliquam sunt\ntotam recusandae id dignissimos aut sed asperiores deserunt"
                    },
                    "pairedItem": {
                      "item": 0
                    }
                  },
                  {
                    "json": {
                      "userId": 3,
                      "id": 25,
                      "title": "rem alias distinctio quo quis",
                      "body": "ullam consequatur ut\nomnis quis sit vel consequuntur\nipsa eligendi ipsum molestiae et omnis error nostrum\nmolestiae illo tempore quia et distinctio"
                    },
                    "pairedItem": {
                      "item": 0
                    }
                  },
                  {
                    "json": {
                      "userId": 3,
                      "id": 26,
                      "title": "est et quae odit qui non",
                      "body": "similique esse doloribus nihil accusamus\nomnis dolorem fuga consequuntur reprehenderit fugit recusandae temporibus\nperspiciatis cum ut laudantium\nomnis aut molestiae vel vero"
                    },
                    "pairedItem": {
                      "item": 0
                    }
                  },
                  {
                    "json": {
                      "userId": 3,
                      "id": 27,
                      "title": "quasi id et eos tenetur aut quo autem",
                      "body": "eum sed dolores ipsam sint possimus debitis occaecati\ndebitis qui qui et\nut placeat enim earum aut odit facilis\nconsequatur suscipit necessitatibus rerum sed inventore temporibus consequatur"
                    },
                    "pairedItem": {
                      "item": 0
                    }
                  },
                  {
                    "json": {
                      "userId": 3,
                      "id": 28,
                      "title": "delectus ullam et corporis nulla voluptas sequi",
                      "body": "non et quaerat ex quae ad maiores\nmaiores recusandae totam aut blanditiis mollitia quas illo\nut voluptatibus voluptatem\nsimilique nostrum eum"
                    },
                    "pairedItem": {
                      "item": 0
                    }
                  },
                  {
                    "json": {
                      "userId": 3,
                      "id": 29,
                      "title": "iusto eius quod necessitatibus culpa ea",
                      "body": "odit magnam ut saepe sed non qui\ntempora atque nihil\naccusamus illum doloribus illo dolor\neligendi repudiandae odit magni similique sed cum maiores"
                    },
                    "pairedItem": {
                      "item": 0
                    }
                  },
                  {
                    "json": {
                      "userId": 3,
                      "id": 30,
                      "title": "a quo magni similique perferendis",
                      "body": "alias dolor cumque\nimpedit blanditiis non eveniet odio maxime\nblanditiis amet eius quis tempora quia autem rem\na provident perspiciatis quia"
                    },
                    "pairedItem": {
                      "item": 0
                    }
                  },
                  {
                    "json": {
                      "userId": 4,
                      "id": 31,
                      "title": "ullam ut quidem id aut vel consequuntur",
                      "body": "debitis eius sed quibusdam non quis consectetur vitae\nimpedit ut qui consequatur sed aut in\nquidem sit nostrum et maiores adipisci atque\nquaerat voluptatem adipisci repudiandae"
                    },
                    "pairedItem": {
                      "item": 0
                    }
                  },
                  {
                    "json": {
                      "userId": 4,
                      "id": 32,
                      "title": "doloremque illum aliquid sunt",
                      "body": "deserunt eos nobis asperiores et hic\nest debitis repellat molestiae optio\nnihil ratione ut eos beatae quibusdam distinctio maiores\nearum voluptates et aut adipisci ea maiores voluptas maxime"
                    },
                    "pairedItem": {
                      "item": 0
                    }
                  },
                  {
                    "json": {
                      "userId": 4,
                      "id": 33,
                      "title": "qui explicabo molestiae dolorem",
                      "body": "rerum ut et numquam laborum odit est sit\nid qui sint in\nquasi tenetur tempore aperiam et quaerat qui in\nrerum officiis sequi cumque quod"
                    },
                    "pairedItem": {
                      "item": 0
                    }
                  },
                  {
                    "json": {
                      "userId": 4,
                      "id": 34,
                      "title": "magnam ut rerum iure",
                      "body": "ea velit perferendis earum ut voluptatem voluptate itaque iusto\ntotam pariatur in\nnemo voluptatem voluptatem autem magni tempora minima in\nest distinctio qui assumenda accusamus dignissimos officia nesciunt nobis"
                    },
                    "pairedItem": {
                      "item": 0
                    }
                  },
                  {
                    "json": {
                      "userId": 4,
                      "id": 35,
                      "title": "id nihil consequatur molestias animi provident",
                      "body": "nisi error delectus possimus ut eligendi vitae\nplaceat eos harum cupiditate facilis reprehenderit voluptatem beatae\nmodi ducimus quo illum voluptas eligendi\net nobis quia fugit"
                    },
                    "pairedItem": {
                      "item": 0
                    }
                  },
                  {
                    "json": {
                      "userId": 4,
                      "id": 36,
                      "title": "fuga nam accusamus voluptas reiciendis itaque",
                      "body": "ad mollitia et omnis minus architecto odit\nvoluptas doloremque maxime aut non ipsa qui alias veniam\nblanditiis culpa aut quia nihil cumque facere et occaecati\nqui aspernatur quia eaque ut aperiam inventore"
                    },
                    "pairedItem": {
                      "item": 0
                    }
                  },
                  {
                    "json": {
                      "userId": 4,
                      "id": 37,
                      "title": "provident vel ut sit ratione est",
                      "body": "debitis et eaque non officia sed nesciunt pariatur vel\nvoluptatem iste vero et ea\nnumquam aut expedita ipsum nulla in\nvoluptates omnis consequatur aut enim officiis in quam qui"
                    },
                    "pairedItem": {
                      "item": 0
                    }
                  },
                  {
                    "json": {
                      "userId": 4,
                      "id": 38,
                      "title": "explicabo et eos deleniti nostrum ab id repellendus",
                      "body": "animi esse sit aut sit nesciunt assumenda eum voluptas\nquia voluptatibus provident quia necessitatibus ea\nrerum repudiandae quia voluptatem delectus fugit aut id quia\nratione optio eos iusto veniam iure"
                    },
                    "pairedItem": {
                      "item": 0
                    }
                  },
                  {
                    "json": {
                      "userId": 4,
                      "id": 39,
                      "title": "eos dolorem iste accusantium est eaque quam",
                      "body": "corporis rerum ducimus vel eum accusantium\nmaxime aspernatur a porro possimus iste omnis\nest in deleniti asperiores fuga aut\nvoluptas sapiente vel dolore minus voluptatem incidunt ex"
                    },
                    "pairedItem": {
                      "item": 0
                    }
                  },
                  {
                    "json": {
                      "userId": 4,
                      "id": 40,
                      "title": "enim quo cumque",
                      "body": "ut voluptatum aliquid illo tenetur nemo sequi quo facilis\nipsum rem optio mollitia quas\nvoluptatem eum voluptas qui\nunde omnis voluptatem iure quasi maxime voluptas nam"
                    },
                    "pairedItem": {
                      "item": 0
                    }
                  },
                  {
                    "json": {
                      "userId": 5,
                      "id": 41,
                      "title": "non est facere",
                      "body": "molestias id nostrum\nexcepturi molestiae dolore omnis repellendus quaerat saepe\nconsectetur iste quaerat tenetur asperiores accusamus ex ut\nnam quidem est ducimus sunt debitis saepe"
                    },
                    "pairedItem": {
                      "item": 0
                    }
                  },
                  {
                    "json": {
                      "userId": 5,
                      "id": 42,
                      "title": "commodi ullam sint et excepturi error explicabo praesentium voluptas",
                      "body": "odio fugit voluptatum ducimus earum autem est incidunt voluptatem\nodit reiciendis aliquam sunt sequi nulla dolorem\nnon facere repellendus voluptates quia\nratione harum vitae ut"
                    },
                    "pairedItem": {
                      "item": 0
                    }
                  },
                  {
                    "json": {
                      "userId": 5,
                      "id": 43,
                      "title": "eligendi iste nostrum consequuntur adipisci praesentium sit beatae perferendis",
                      "body": "similique fugit est\nillum et dolorum harum et voluptate eaque quidem\nexercitationem quos nam commodi possimus cum odio nihil nulla\ndolorum exercitationem magnam ex et a et distinctio debitis"
                    },
                    "pairedItem": {
                      "item": 0
                    }
                  },
                  {
                    "json": {
                      "userId": 5,
                      "id": 44,
                      "title": "optio dolor molestias sit",
                      "body": "temporibus est consectetur dolore\net libero debitis vel velit laboriosam quia\nipsum quibusdam qui itaque fuga rem aut\nea et iure quam sed maxime ut distinctio quae"
                    },
                    "pairedItem": {
                      "item": 0
                    }
                  },
                  {
                    "json": {
                      "userId": 5,
                      "id": 45,
                      "title": "ut numquam possimus omnis eius suscipit laudantium iure",
                      "body": "est natus reiciendis nihil possimus aut provident\nex et dolor\nrepellat pariatur est\nnobis rerum repellendus dolorem autem"
                    },
                    "pairedItem": {
                      "item": 0
                    }
                  },
                  {
                    "json": {
                      "userId": 5,
                      "id": 46,
                      "title": "aut quo modi neque nostrum ducimus",
                      "body": "voluptatem quisquam iste\nvoluptatibus natus officiis facilis dolorem\nquis quas ipsam\nvel et voluptatum in aliquid"
                    },
                    "pairedItem": {
                      "item": 0
                    }
                  },
                  {
                    "json": {
                      "userId": 5,
                      "id": 47,
                      "title": "quibusdam cumque rem aut deserunt",
                      "body": "voluptatem assumenda ut qui ut cupiditate aut impedit veniam\noccaecati nemo illum voluptatem laudantium\nmolestiae beatae rerum ea iure soluta nostrum\neligendi et voluptate"
                    },
                    "pairedItem": {
                      "item": 0
                    }
                  },
                  {
                    "json": {
                      "userId": 5,
                      "id": 48,
                      "title": "ut voluptatem illum ea doloribus itaque eos",
                      "body": "voluptates quo voluptatem facilis iure occaecati\nvel assumenda rerum officia et\nillum perspiciatis ab deleniti\nlaudantium repellat ad ut et autem reprehenderit"
                    },
                    "pairedItem": {
                      "item": 0
                    }
                  },
                  {
                    "json": {
                      "userId": 5,
                      "id": 49,
                      "title": "laborum non sunt aut ut assumenda perspiciatis voluptas",
                      "body": "inventore ab sint\nnatus fugit id nulla sequi architecto nihil quaerat\neos tenetur in in eum veritatis non\nquibusdam officiis aspernatur cumque aut commodi aut"
                    },
                    "pairedItem": {
                      "item": 0
                    }
                  },
                  {
                    "json": {
                      "userId": 5,
                      "id": 50,
                      "title": "repellendus qui recusandae incidunt voluptates tenetur qui omnis exercitationem",
                      "body": "error suscipit maxime adipisci consequuntur recusandae\nvoluptas eligendi et est et voluptates\nquia distinctio ab amet quaerat molestiae et vitae\nadipisci impedit sequi nesciunt quis consectetur"
                    },
                    "pairedItem": {
                      "item": 0
                    }
                  },
                  {
                    "json": {
                      "userId": 6,
                      "id": 51,
                      "title": "soluta aliquam aperiam consequatur illo quis voluptas",
                      "body": "sunt dolores aut doloribus\ndolore doloribus voluptates tempora et\ndoloremque et quo\ncum asperiores sit consectetur dolorem"
                    },
                    "pairedItem": {
                      "item": 0
                    }
                  },
                  {
                    "json": {
                      "userId": 6,
                      "id": 52,
                      "title": "qui enim et consequuntur quia animi quis voluptate quibusdam",
                      "body": "iusto est quibusdam fuga quas quaerat molestias\na enim ut sit accusamus enim\ntemporibus iusto accusantium provident architecto\nsoluta esse reprehenderit qui laborum"
                    },
                    "pairedItem": {
                      "item": 0
                    }
                  },
                  {
                    "json": {
                      "userId": 6,
                      "id": 53,
                      "title": "ut quo aut ducimus alias",
                      "body": "minima harum praesentium eum rerum illo dolore\nquasi exercitationem rerum nam\nporro quis neque quo\nconsequatur minus dolor quidem veritatis sunt non explicabo similique"
                    },
                    "pairedItem": {
                      "item": 0
                    }
                  },
                  {
                    "json": {
                      "userId": 6,
                      "id": 54,
                      "title": "sit asperiores ipsam eveniet odio non quia",
                      "body": "totam corporis dignissimos\nvitae dolorem ut occaecati accusamus\nex velit deserunt\net exercitationem vero incidunt corrupti mollitia"
                    },
                    "pairedItem": {
                      "item": 0
                    }
                  },
                  {
                    "json": {
                      "userId": 6,
                      "id": 55,
                      "title": "sit vel voluptatem et non libero",
                      "body": "debitis excepturi ea perferendis harum libero optio\neos accusamus cum fuga ut sapiente repudiandae\net ut incidunt omnis molestiae\nnihil ut eum odit"
                    },
                    "pairedItem": {
                      "item": 0
                    }
                  },
                  {
                    "json": {
                      "userId": 6,
                      "id": 56,
                      "title": "qui et at rerum necessitatibus",
                      "body": "aut est omnis dolores\nneque rerum quod ea rerum velit pariatur beatae excepturi\net provident voluptas corrupti\ncorporis harum reprehenderit dolores eligendi"
                    },
                    "pairedItem": {
                      "item": 0
                    }
                  },
                  {
                    "json": {
                      "userId": 6,
                      "id": 57,
                      "title": "sed ab est est",
                      "body": "at pariatur consequuntur earum quidem\nquo est laudantium soluta voluptatem\nqui ullam et est\net cum voluptas voluptatum repellat est"
                    },
                    "pairedItem": {
                      "item": 0
                    }
                  },
                  {
                    "json": {
                      "userId": 6,
                      "id": 58,
                      "title": "voluptatum itaque dolores nisi et quasi",
                      "body": "veniam voluptatum quae adipisci id\net id quia eos ad et dolorem\naliquam quo nisi sunt eos impedit error\nad similique veniam"
                    },
                    "pairedItem": {
                      "item": 0
                    }
                  },
                  {
                    "json": {
                      "userId": 6,
                      "id": 59,
                      "title": "qui commodi dolor at maiores et quis id accusantium",
                      "body": "perspiciatis et quam ea autem temporibus non voluptatibus qui\nbeatae a earum officia nesciunt dolores suscipit voluptas et\nanimi doloribus cum rerum quas et magni\net hic ut ut commodi expedita sunt"
                    },
                    "pairedItem": {
                      "item": 0
                    }
                  },
                  {
                    "json": {
                      "userId": 6,
                      "id": 60,
                      "title": "consequatur placeat omnis quisquam quia reprehenderit fugit veritatis facere",
                      "body": "asperiores sunt ab assumenda cumque modi velit\nqui esse omnis\nvoluptate et fuga perferendis voluptas\nillo ratione amet aut et omnis"
                    },
                    "pairedItem": {
                      "item": 0
                    }
                  },
                  {
                    "json": {
                      "userId": 7,
                      "id": 61,
                      "title": "voluptatem doloribus consectetur est ut ducimus",
                      "body": "ab nemo optio odio\ndelectus tenetur corporis similique nobis repellendus rerum omnis facilis\nvero blanditiis debitis in nesciunt doloribus dicta dolores\nmagnam minus velit"
                    },
                    "pairedItem": {
                      "item": 0
                    }
                  },
                  {
                    "json": {
                      "userId": 7,
                      "id": 62,
                      "title": "beatae enim quia vel",
                      "body": "enim aspernatur illo distinctio quae praesentium\nbeatae alias amet delectus qui voluptate distinctio\nodit sint accusantium autem omnis\nquo molestiae omnis ea eveniet optio"
                    },
                    "pairedItem": {
                      "item": 0
                    }
                  },
                  {
                    "json": {
                      "userId": 7,
                      "id": 63,
                      "title": "voluptas blanditiis repellendus animi ducimus error sapiente et suscipit",
                      "body": "enim adipisci aspernatur nemo\nnumquam omnis facere dolorem dolor ex quis temporibus incidunt\nab delectus culpa quo reprehenderit blanditiis asperiores\naccusantium ut quam in voluptatibus voluptas ipsam dicta"
                    },
                    "pairedItem": {
                      "item": 0
                    }
                  },
                  {
                    "json": {
                      "userId": 7,
                      "id": 64,
                      "title": "et fugit quas eum in in aperiam quod",
                      "body": "id velit blanditiis\neum ea voluptatem\nmolestiae sint occaecati est eos perspiciatis\nincidunt a error provident eaque aut aut qui"
                    },
                    "pairedItem": {
                      "item": 0
                    }
                  },
                  {
                    "json": {
                      "userId": 7,
                      "id": 65,
                      "title": "consequatur id enim sunt et et",
                      "body": "voluptatibus ex esse\nsint explicabo est aliquid cumque adipisci fuga repellat labore\nmolestiae corrupti ex saepe at asperiores et perferendis\nnatus id esse incidunt pariatur"
                    },
                    "pairedItem": {
                      "item": 0
                    }
                  },
                  {
                    "json": {
                      "userId": 7,
                      "id": 66,
                      "title": "repudiandae ea animi iusto",
                      "body": "officia veritatis tenetur vero qui itaque\nsint non ratione\nsed et ut asperiores iusto eos molestiae nostrum\nveritatis quibusdam et nemo iusto saepe"
                    },
                    "pairedItem": {
                      "item": 0
                    }
                  },
                  {
                    "json": {
                      "userId": 7,
                      "id": 67,
                      "title": "aliquid eos sed fuga est maxime repellendus",
                      "body": "reprehenderit id nostrum\nvoluptas doloremque pariatur sint et accusantium quia quod aspernatur\net fugiat amet\nnon sapiente et consequatur necessitatibus molestiae"
                    },
                    "pairedItem": {
                      "item": 0
                    }
                  },
                  {
                    "json": {
                      "userId": 7,
                      "id": 68,
                      "title": "odio quis facere architecto reiciendis optio",
                      "body": "magnam molestiae perferendis quisquam\nqui cum reiciendis\nquaerat animi amet hic inventore\nea quia deleniti quidem saepe porro velit"
                    },
                    "pairedItem": {
                      "item": 0
                    }
                  },
                  {
                    "json": {
                      "userId": 7,
                      "id": 69,
                      "title": "fugiat quod pariatur odit minima",
                      "body": "officiis error culpa consequatur modi asperiores et\ndolorum assumenda voluptas et vel qui aut vel rerum\nvoluptatum quisquam perspiciatis quia rerum consequatur totam quas\nsequi commodi repudiandae asperiores et saepe a"
                    },
                    "pairedItem": {
                      "item": 0
                    }
                  },
                  {
                    "json": {
                      "userId": 7,
                      "id": 70,
                      "title": "voluptatem laborum magni",
                      "body": "sunt repellendus quae\nest asperiores aut deleniti esse accusamus repellendus quia aut\nquia dolorem unde\neum tempora esse dolore"
                    },
                    "pairedItem": {
                      "item": 0
                    }
                  },
                  {
                    "json": {
                      "userId": 8,
                      "id": 71,
                      "title": "et iusto veniam et illum aut fuga",
                      "body": "occaecati a doloribus\niste saepe consectetur placeat eum voluptate dolorem et\nqui quo quia voluptas\nrerum ut id enim velit est perferendis"
                    },
                    "pairedItem": {
                      "item": 0
                    }
                  },
                  {
                    "json": {
                      "userId": 8,
                      "id": 72,
                      "title": "sint hic doloribus consequatur eos non id",
                      "body": "quam occaecati qui deleniti consectetur\nconsequatur aut facere quas exercitationem aliquam hic voluptas\nneque id sunt ut aut accusamus\nsunt consectetur expedita inventore velit"
                    },
                    "pairedItem": {
                      "item": 0
                    }
                  },
                  {
                    "json": {
                      "userId": 8,
                      "id": 73,
                      "title": "consequuntur deleniti eos quia temporibus ab aliquid at",
                      "body": "voluptatem cumque tenetur consequatur expedita ipsum nemo quia explicabo\naut eum minima consequatur\ntempore cumque quae est et\net in consequuntur voluptatem voluptates aut"
                    },
                    "pairedItem": {
                      "item": 0
                    }
                  },
                  {
                    "json": {
                      "userId": 8,
                      "id": 74,
                      "title": "enim unde ratione doloribus quas enim ut sit sapiente",
                      "body": "odit qui et et necessitatibus sint veniam\nmollitia amet doloremque molestiae commodi similique magnam et quam\nblanditiis est itaque\nquo et tenetur ratione occaecati molestiae tempora"
                    },
                    "pairedItem": {
                      "item": 0
                    }
                  },
                  {
                    "json": {
                      "userId": 8,
                      "id": 75,
                      "title": "dignissimos eum dolor ut enim et delectus in",
                      "body": "commodi non non omnis et voluptas sit\nautem aut nobis magnam et sapiente voluptatem\net laborum repellat qui delectus facilis temporibus\nrerum amet et nemo voluptate expedita adipisci error dolorem"
                    },
                    "pairedItem": {
                      "item": 0
                    }
                  },
                  {
                    "json": {
                      "userId": 8,
                      "id": 76,
                      "title": "doloremque officiis ad et non perferendis",
                      "body": "ut animi facere\ntotam iusto tempore\nmolestiae eum aut et dolorem aperiam\nquaerat recusandae totam odio"
                    },
                    "pairedItem": {
                      "item": 0
                    }
                  },
                  {
                    "json": {
                      "userId": 8,
                      "id": 77,
                      "title": "necessitatibus quasi exercitationem odio",
                      "body": "modi ut in nulla repudiandae dolorum nostrum eos\naut consequatur omnis\nut incidunt est omnis iste et quam\nvoluptates sapiente aliquam asperiores nobis amet corrupti repudiandae provident"
                    },
                    "pairedItem": {
                      "item": 0
                    }
                  },
                  {
                    "json": {
                      "userId": 8,
                      "id": 78,
                      "title": "quam voluptatibus rerum veritatis",
                      "body": "nobis facilis odit tempore cupiditate quia\nassumenda doloribus rerum qui ea\nillum et qui totam\naut veniam repellendus"
                    },
                    "pairedItem": {
                      "item": 0
                    }
                  },
                  {
                    "json": {
                      "userId": 8,
                      "id": 79,
                      "title": "pariatur consequatur quia magnam autem omnis non amet",
                      "body": "libero accusantium et et facere incidunt sit dolorem\nnon excepturi qui quia sed laudantium\nquisquam molestiae ducimus est\nofficiis esse molestiae iste et quos"
                    },
                    "pairedItem": {
                      "item": 0
                    }
                  },
                  {
                    "json": {
                      "userId": 8,
                      "id": 80,
                      "title": "labore in ex et explicabo corporis aut quas",
                      "body": "ex quod dolorem ea eum iure qui provident amet\nquia qui facere excepturi et repudiandae\nasperiores molestias provident\nminus incidunt vero fugit rerum sint sunt excepturi provident"
                    },
                    "pairedItem": {
                      "item": 0
                    }
                  },
                  {
                    "json": {
                      "userId": 9,
                      "id": 81,
                      "title": "tempora rem veritatis voluptas quo dolores vero",
                      "body": "facere qui nesciunt est voluptatum voluptatem nisi\nsequi eligendi necessitatibus ea at rerum itaque\nharum non ratione velit laboriosam quis consequuntur\nex officiis minima doloremque voluptas ut aut"
                    },
                    "pairedItem": {
                      "item": 0
                    }
                  },
                  {
                    "json": {
                      "userId": 9,
                      "id": 82,
                      "title": "laudantium voluptate suscipit sunt enim enim",
                      "body": "ut libero sit aut totam inventore sunt\nporro sint qui sunt molestiae\nconsequatur cupiditate qui iste ducimus adipisci\ndolor enim assumenda soluta laboriosam amet iste delectus hic"
                    },
                    "pairedItem": {
                      "item": 0
                    }
                  },
                  {
                    "json": {
                      "userId": 9,
                      "id": 83,
                      "title": "odit et voluptates doloribus alias odio et",
                      "body": "est molestiae facilis quis tempora numquam nihil qui\nvoluptate sapiente consequatur est qui\nnecessitatibus autem aut ipsa aperiam modi dolore numquam\nreprehenderit eius rem quibusdam"
                    },
                    "pairedItem": {
                      "item": 0
                    }
                  },
                  {
                    "json": {
                      "userId": 9,
                      "id": 84,
                      "title": "optio ipsam molestias necessitatibus occaecati facilis veritatis dolores aut",
                      "body": "sint molestiae magni a et quos\neaque et quasi\nut rerum debitis similique veniam\nrecusandae dignissimos dolor incidunt consequatur odio"
                    },
                    "pairedItem": {
                      "item": 0
                    }
                  },
                  {
                    "json": {
                      "userId": 9,
                      "id": 85,
                      "title": "dolore veritatis porro provident adipisci blanditiis et sunt",
                      "body": "similique sed nisi voluptas iusto omnis\nmollitia et quo\nassumenda suscipit officia magnam sint sed tempora\nenim provident pariatur praesentium atque animi amet ratione"
                    },
                    "pairedItem": {
                      "item": 0
                    }
                  },
                  {
                    "json": {
                      "userId": 9,
                      "id": 86,
                      "title": "placeat quia et porro iste",
                      "body": "quasi excepturi consequatur iste autem temporibus sed molestiae beatae\net quaerat et esse ut\nvoluptatem occaecati et vel explicabo autem\nasperiores pariatur deserunt optio"
                    },
                    "pairedItem": {
                      "item": 0
                    }
                  },
                  {
                    "json": {
                      "userId": 9,
                      "id": 87,
                      "title": "nostrum quis quasi placeat",
                      "body": "eos et molestiae\nnesciunt ut a\ndolores perspiciatis repellendus repellat aliquid\nmagnam sint rem ipsum est"
                    },
                    "pairedItem": {
                      "item": 0
                    }
                  },
                  {
                    "json": {
                      "userId": 9,
                      "id": 88,
                      "title": "sapiente omnis fugit eos",
                      "body": "consequatur omnis est praesentium\nducimus non iste\nneque hic deserunt\nvoluptatibus veniam cum et rerum sed"
                    },
                    "pairedItem": {
                      "item": 0
                    }
                  },
                  {
                    "json": {
                      "userId": 9,
                      "id": 89,
                      "title": "sint soluta et vel magnam aut ut sed qui",
                      "body": "repellat aut aperiam totam temporibus autem et\narchitecto magnam ut\nconsequatur qui cupiditate rerum quia soluta dignissimos nihil iure\ntempore quas est"
                    },
                    "pairedItem": {
                      "item": 0
                    }
                  },
                  {
                    "json": {
                      "userId": 9,
                      "id": 90,
                      "title": "ad iusto omnis odit dolor voluptatibus",
                      "body": "minus omnis soluta quia\nqui sed adipisci voluptates illum ipsam voluptatem\neligendi officia ut in\neos soluta similique molestias praesentium blanditiis"
                    },
                    "pairedItem": {
                      "item": 0
                    }
                  },
                  {
                    "json": {
                      "userId": 10,
                      "id": 91,
                      "title": "aut amet sed",
                      "body": "libero voluptate eveniet aperiam sed\nsunt placeat suscipit molestias\nsimilique fugit nam natus\nexpedita consequatur consequatur dolores quia eos et placeat"
                    },
                    "pairedItem": {
                      "item": 0
                    }
                  },
                  {
                    "json": {
                      "userId": 10,
                      "id": 92,
                      "title": "ratione ex tenetur perferendis",
                      "body": "aut et excepturi dicta laudantium sint rerum nihil\nlaudantium et at\na neque minima officia et similique libero et\ncommodi voluptate qui"
                    },
                    "pairedItem": {
                      "item": 0
                    }
                  },
                  {
                    "json": {
                      "userId": 10,
                      "id": 93,
                      "title": "beatae soluta recusandae",
                      "body": "dolorem quibusdam ducimus consequuntur dicta aut quo laboriosam\nvoluptatem quis enim recusandae ut sed sunt\nnostrum est odit totam\nsit error sed sunt eveniet provident qui nulla"
                    },
                    "pairedItem": {
                      "item": 0
                    }
                  },
                  {
                    "json": {
                      "userId": 10,
                      "id": 94,
                      "title": "qui qui voluptates illo iste minima",
                      "body": "aspernatur expedita soluta quo ab ut similique\nexpedita dolores amet\nsed temporibus distinctio magnam saepe deleniti\nomnis facilis nam ipsum natus sint similique omnis"
                    },
                    "pairedItem": {
                      "item": 0
                    }
                  },
                  {
                    "json": {
                      "userId": 10,
                      "id": 95,
                      "title": "id minus libero illum nam ad officiis",
                      "body": "earum voluptatem facere provident blanditiis velit laboriosam\npariatur accusamus odio saepe\ncumque dolor qui a dicta ab doloribus consequatur omnis\ncorporis cupiditate eaque assumenda ad nesciunt"
                    },
                    "pairedItem": {
                      "item": 0
                    }
                  },
                  {
                    "json": {
                      "userId": 10,
                      "id": 96,
                      "title": "quaerat velit veniam amet cupiditate aut numquam ut sequi",
                      "body": "in non odio excepturi sint eum\nlabore voluptates vitae quia qui et\ninventore itaque rerum\nveniam non exercitationem delectus aut"
                    },
                    "pairedItem": {
                      "item": 0
                    }
                  },
                  {
                    "json": {
                      "userId": 10,
                      "id": 97,
                      "title": "quas fugiat ut perspiciatis vero provident",
                      "body": "eum non blanditiis soluta porro quibusdam voluptas\nvel voluptatem qui placeat dolores qui velit aut\nvel inventore aut cumque culpa explicabo aliquid at\nperspiciatis est et voluptatem dignissimos dolor itaque sit nam"
                    },
                    "pairedItem": {
                      "item": 0
                    }
                  },
                  {
                    "json": {
                      "userId": 10,
                      "id": 98,
                      "title": "laboriosam dolor voluptates",
                      "body": "doloremque ex facilis sit sint culpa\nsoluta assumenda eligendi non ut eius\nsequi ducimus vel quasi\nveritatis est dolores"
                    },
                    "pairedItem": {
                      "item": 0
                    }
                  },
                  {
                    "json": {
                      "userId": 10,
                      "id": 99,
                      "title": "temporibus sit alias delectus eligendi possimus magni",
                      "body": "quo deleniti praesentium dicta non quod\naut est molestias\nmolestias et officia quis nihil\nitaque dolorem quia"
                    },
                    "pairedItem": {
                      "item": 0
                    }
                  },
                  {
                    "json": {
                      "userId": 10,
                      "id": 100,
                      "title": "at nam consequatur ea labore ea harum",
                      "body": "cupiditate quo est a modi nesciunt soluta\nipsa voluptas error itaque dicta in\nautem qui minus magnam et distinctio eum\naccusamus ratione error aut"
                    },
                    "pairedItem": {
                      "item": 0
                    }
                  }
                ]
              ]
            }
          }
        ],
        "Agrupar por cliente": [
          {
            "startTime": 1790356092586,
            "executionIndex": 2,
            "source": [
              {
                "previousNode": "GET /mock/abandoned-carts",
                "previousNodeOutput": 0,
                "previousNodeRun": 0
              }
            ],
            "hints": [],
            "executionTime": 385,
            "executionStatus": "success",
            "data": {
              "main": [
                [
                  {
                    "json": {
                      "cliente_id": 1,
                      "email": "cliente1@ejemplo.com",
                      "nombre": "Cliente 1",
                      "productos_carrito": [
                        "Malbec Reserva 750ml"
                      ],
                      "total_carrito": 1850,
                      "tiempo_abandono": "1h",
                      "ciudad": "Mendoza"
                    }
                  },
                  {
                    "json": {
                      "cliente_id": 2,
                      "email": "cliente2@ejemplo.com",
                      "nombre": "Cliente 2",
                      "productos_carrito": [
                        "Aceite Oliva Extra Virgen 500ml",
                        "Pack Degustación x3"
                      ],
                      "total_carrito": 4070,
                      "tiempo_abandono": "2h",
                      "ciudad": "Buenos Aires"
                    }
                  },
                  {
                    "json": {
                      "cliente_id": 3,
                      "email": "cliente3@ejemplo.com",
                      "nombre": "Cliente 3",
                      "productos_carrito": [
                        "Pack Degustación x3",
                        "Malbec Gran Reserva 1.5L",
                        "Kit Maridaje Gourmet"
                      ],
                      "total_carrito": 6660,
                      "tiempo_abandono": "3h",
                      "ciudad": "Córdoba"
                    }
                  },
                  {
                    "json": {
                      "cliente_id": 4,
                      "email": "cliente4@ejemplo.com",
                      "nombre": "Cliente 4",
                      "productos_carrito": [
                        "Malbec Gran Reserva 1.5L"
                      ],
                      "total_carrito": 2405,
                      "tiempo_abandono": "4h",
                      "ciudad": "Rosario"
                    }
                  },
                  {
                    "json": {
                      "cliente_id": 5,
                      "email": "cliente5@ejemplo.com",
                      "nombre": "Cliente 5",
                      "productos_carrito": [
                        "Kit Maridaje Gourmet"
                      ],
                      "total_carrito": 2590,
                      "tiempo_abandono": "1h",
                      "ciudad": "Mendoza"
                    }
                  },
                  {
                    "json": {
                      "cliente_id": 6,
                      "email": "cliente6@ejemplo.com",
                      "nombre": "Cliente 6",
                      "productos_carrito": [
                        "Malbec Reserva 750ml",
                        "Aceite Oliva Extra Virgen 500ml",
                        "Pack Degustación x3"
                      ],
                      "total_carrito": 8325,
                      "tiempo_abandono": "2h",
                      "ciudad": "Buenos Aires"
                    }
                  },
                  {
                    "json": {
                      "cliente_id": 7,
                      "email": "cliente7@ejemplo.com",
                      "nombre": "Cliente 7",
                      "productos_carrito": [
                        "Aceite Oliva Extra Virgen 500ml"
                      ],
                      "total_carrito": 2960,
                      "tiempo_abandono": "3h",
                      "ciudad": "Córdoba"
                    }
                  },
                  {
                    "json": {
                      "cliente_id": 8,
                      "email": "cliente8@ejemplo.com",
                      "nombre": "Cliente 8",
                      "productos_carrito": [
                        "Pack Degustación x3",
                        "Malbec Gran Reserva 1.5L"
                      ],
                      "total_carrito": 6290,
                      "tiempo_abandono": "4h",
                      "ciudad": "Rosario"
                    }
                  }
                ]
              ]
            }
          }
        ],
        "Generar Email Descuento": [
          {
            "startTime": 1790356092971,
            "executionIndex": 3,
            "source": [
              {
                "previousNode": "Agrupar por cliente",
                "previousNodeOutput": 0,
                "previousNodeRun": 0
              }
            ],
            "hints": [],
            "executionTime": 18,
            "executionStatus": "success",
            "data": {
              "main": [
                [
                  {
                    "json": {
                      "email": "cliente1@ejemplo.com",
                      "nombre": "Cliente 1",
                      "productos_carrito": [
                        "Malbec Reserva 750ml"
                      ],
                      "total_carrito": 1850,
                      "descuento": 185,
                      "total_final": 1665,
                      "html": "<!DOCTYPE html><html><body style=\"font-family:Arial,sans-serif;max-width:600px;margin:0 auto;padding:20px;\"><div style=\"background:#1a472a;padding:20px;text-align:center;\"><h1 style=\"color:#fff;margin:0;\">🌾 Golden Harvest S.A.</h1><p style=\"color:#a8d5a2;margin:5px 0;\">¡Tu carrito te está esperando!</p></div><div style=\"padding:30px;background:#fff;border:1px solid #e0e0e0;\"><h2 style=\"color:#1a472a;\">Hola Cliente 1,</h2><p>Dejaste estos productos en tu carrito hace <strong>1h</strong>:</p><ul style=\"background:#f9f6f0;padding:20px;border-radius:8px;\"><li style=\"padding:4px 0;\">🍷 Malbec Reserva 750ml</li></ul><div style=\"background:#fff3cd;border:2px solid #c8a951;padding:20px;border-radius:8px;text-align:center;margin:20px 0;\"><h3 style=\"color:#8b6914;margin-top:0;\">🎁 OFERTA EXCLUSIVA — 10% OFF</h3><p style=\"text-decoration:line-through;color:#999;\">Total original: $1850</p><p style=\"font-size:24px;font-weight:bold;color:#1a472a;\">Con descuento: $1665</p><a href=\"#\" style=\"background:#c8a951;color:#fff;padding:15px 30px;text-decoration:none;border-radius:4px;display:inline-block;font-weight:bold;margin-top:10px;\">¡Completar compra! →</a></div></div></body></html>",
                      "generado_en": "2026-09-25T17:08:12.982Z"
                    },
                    "pairedItem": {
                      "item": 0
                    }
                  },
                  {
                    "json": {
                      "email": "cliente2@ejemplo.com",
                      "nombre": "Cliente 2",
                      "productos_carrito": [
                        "Aceite Oliva Extra Virgen 500ml",
                        "Pack Degustación x3"
                      ],
                      "total_carrito": 4070,
                      "descuento": 407,
                      "total_final": 3663,
                      "html": "<!DOCTYPE html><html><body style=\"font-family:Arial,sans-serif;max-width:600px;margin:0 auto;padding:20px;\"><div style=\"background:#1a472a;padding:20px;text-align:center;\"><h1 style=\"color:#fff;margin:0;\">🌾 Golden Harvest S.A.</h1><p style=\"color:#a8d5a2;margin:5px 0;\">¡Tu carrito te está esperando!</p></div><div style=\"padding:30px;background:#fff;border:1px solid #e0e0e0;\"><h2 style=\"color:#1a472a;\">Hola Cliente 2,</h2><p>Dejaste estos productos en tu carrito hace <strong>2h</strong>:</p><ul style=\"background:#f9f6f0;padding:20px;border-radius:8px;\"><li style=\"padding:4px 0;\">🍷 Aceite Oliva Extra Virgen 500ml</li><li style=\"padding:4px 0;\">🍷 Pack Degustación x3</li></ul><div style=\"background:#fff3cd;border:2px solid #c8a951;padding:20px;border-radius:8px;text-align:center;margin:20px 0;\"><h3 style=\"color:#8b6914;margin-top:0;\">🎁 OFERTA EXCLUSIVA — 10% OFF</h3><p style=\"text-decoration:line-through;color:#999;\">Total original: $4070</p><p style=\"font-size:24px;font-weight:bold;color:#1a472a;\">Con descuento: $3663</p><a href=\"#\" style=\"background:#c8a951;color:#fff;padding:15px 30px;text-decoration:none;border-radius:4px;display:inline-block;font-weight:bold;margin-top:10px;\">¡Completar compra! →</a></div></div></body></html>",
                      "generado_en": "2026-09-25T17:08:12.983Z"
                    },
                    "pairedItem": {
                      "item": 1
                    }
                  },
                  {
                    "json": {
                      "email": "cliente3@ejemplo.com",
                      "nombre": "Cliente 3",
                      "productos_carrito": [
                        "Pack Degustación x3",
                        "Malbec Gran Reserva 1.5L",
                        "Kit Maridaje Gourmet"
                      ],
                      "total_carrito": 6660,
                      "descuento": 666,
                      "total_final": 5994,
                      "html": "<!DOCTYPE html><html><body style=\"font-family:Arial,sans-serif;max-width:600px;margin:0 auto;padding:20px;\"><div style=\"background:#1a472a;padding:20px;text-align:center;\"><h1 style=\"color:#fff;margin:0;\">🌾 Golden Harvest S.A.</h1><p style=\"color:#a8d5a2;margin:5px 0;\">¡Tu carrito te está esperando!</p></div><div style=\"padding:30px;background:#fff;border:1px solid #e0e0e0;\"><h2 style=\"color:#1a472a;\">Hola Cliente 3,</h2><p>Dejaste estos productos en tu carrito hace <strong>3h</strong>:</p><ul style=\"background:#f9f6f0;padding:20px;border-radius:8px;\"><li style=\"padding:4px 0;\">🍷 Pack Degustación x3</li><li style=\"padding:4px 0;\">🍷 Malbec Gran Reserva 1.5L</li><li style=\"padding:4px 0;\">🍷 Kit Maridaje Gourmet</li></ul><div style=\"background:#fff3cd;border:2px solid #c8a951;padding:20px;border-radius:8px;text-align:center;margin:20px 0;\"><h3 style=\"color:#8b6914;margin-top:0;\">🎁 OFERTA EXCLUSIVA — 10% OFF</h3><p style=\"text-decoration:line-through;color:#999;\">Total original: $6660</p><p style=\"font-size:24px;font-weight:bold;color:#1a472a;\">Con descuento: $5994</p><a href=\"#\" style=\"background:#c8a951;color:#fff;padding:15px 30px;text-decoration:none;border-radius:4px;display:inline-block;font-weight:bold;margin-top:10px;\">¡Completar compra! →</a></div></div></body></html>",
                      "generado_en": "2026-09-25T17:08:12.984Z"
                    },
                    "pairedItem": {
                      "item": 2
                    }
                  },
                  {
                    "json": {
                      "email": "cliente4@ejemplo.com",
                      "nombre": "Cliente 4",
                      "productos_carrito": [
                        "Malbec Gran Reserva 1.5L"
                      ],
                      "total_carrito": 2405,
                      "descuento": 241,
                      "total_final": 2164,
                      "html": "<!DOCTYPE html><html><body style=\"font-family:Arial,sans-serif;max-width:600px;margin:0 auto;padding:20px;\"><div style=\"background:#1a472a;padding:20px;text-align:center;\"><h1 style=\"color:#fff;margin:0;\">🌾 Golden Harvest S.A.</h1><p style=\"color:#a8d5a2;margin:5px 0;\">¡Tu carrito te está esperando!</p></div><div style=\"padding:30px;background:#fff;border:1px solid #e0e0e0;\"><h2 style=\"color:#1a472a;\">Hola Cliente 4,</h2><p>Dejaste estos productos en tu carrito hace <strong>4h</strong>:</p><ul style=\"background:#f9f6f0;padding:20px;border-radius:8px;\"><li style=\"padding:4px 0;\">🍷 Malbec Gran Reserva 1.5L</li></ul><div style=\"background:#fff3cd;border:2px solid #c8a951;padding:20px;border-radius:8px;text-align:center;margin:20px 0;\"><h3 style=\"color:#8b6914;margin-top:0;\">🎁 OFERTA EXCLUSIVA — 10% OFF</h3><p style=\"text-decoration:line-through;color:#999;\">Total original: $2405</p><p style=\"font-size:24px;font-weight:bold;color:#1a472a;\">Con descuento: $2164</p><a href=\"#\" style=\"background:#c8a951;color:#fff;padding:15px 30px;text-decoration:none;border-radius:4px;display:inline-block;font-weight:bold;margin-top:10px;\">¡Completar compra! →</a></div></div></body></html>",
                      "generado_en": "2026-09-25T17:08:12.985Z"
                    },
                    "pairedItem": {
                      "item": 3
                    }
                  },
                  {
                    "json": {
                      "email": "cliente5@ejemplo.com",
                      "nombre": "Cliente 5",
                      "productos_carrito": [
                        "Kit Maridaje Gourmet"
                      ],
                      "total_carrito": 2590,
                      "descuento": 259,
                      "total_final": 2331,
                      "html": "<!DOCTYPE html><html><body style=\"font-family:Arial,sans-serif;max-width:600px;margin:0 auto;padding:20px;\"><div style=\"background:#1a472a;padding:20px;text-align:center;\"><h1 style=\"color:#fff;margin:0;\">🌾 Golden Harvest S.A.</h1><p style=\"color:#a8d5a2;margin:5px 0;\">¡Tu carrito te está esperando!</p></div><div style=\"padding:30px;background:#fff;border:1px solid #e0e0e0;\"><h2 style=\"color:#1a472a;\">Hola Cliente 5,</h2><p>Dejaste estos productos en tu carrito hace <strong>1h</strong>:</p><ul style=\"background:#f9f6f0;padding:20px;border-radius:8px;\"><li style=\"padding:4px 0;\">🍷 Kit Maridaje Gourmet</li></ul><div style=\"background:#fff3cd;border:2px solid #c8a951;padding:20px;border-radius:8px;text-align:center;margin:20px 0;\"><h3 style=\"color:#8b6914;margin-top:0;\">🎁 OFERTA EXCLUSIVA — 10% OFF</h3><p style=\"text-decoration:line-through;color:#999;\">Total original: $2590</p><p style=\"font-size:24px;font-weight:bold;color:#1a472a;\">Con descuento: $2331</p><a href=\"#\" style=\"background:#c8a951;color:#fff;padding:15px 30px;text-decoration:none;border-radius:4px;display:inline-block;font-weight:bold;margin-top:10px;\">¡Completar compra! →</a></div></div></body></html>",
                      "generado_en": "2026-09-25T17:08:12.986Z"
                    },
                    "pairedItem": {
                      "item": 4
                    }
                  },
                  {
                    "json": {
                      "email": "cliente6@ejemplo.com",
                      "nombre": "Cliente 6",
                      "productos_carrito": [
                        "Malbec Reserva 750ml",
                        "Aceite Oliva Extra Virgen 500ml",
                        "Pack Degustación x3"
                      ],
                      "total_carrito": 8325,
                      "descuento": 833,
                      "total_final": 7492,
                      "html": "<!DOCTYPE html><html><body style=\"font-family:Arial,sans-serif;max-width:600px;margin:0 auto;padding:20px;\"><div style=\"background:#1a472a;padding:20px;text-align:center;\"><h1 style=\"color:#fff;margin:0;\">🌾 Golden Harvest S.A.</h1><p style=\"color:#a8d5a2;margin:5px 0;\">¡Tu carrito te está esperando!</p></div><div style=\"padding:30px;background:#fff;border:1px solid #e0e0e0;\"><h2 style=\"color:#1a472a;\">Hola Cliente 6,</h2><p>Dejaste estos productos en tu carrito hace <strong>2h</strong>:</p><ul style=\"background:#f9f6f0;padding:20px;border-radius:8px;\"><li style=\"padding:4px 0;\">🍷 Malbec Reserva 750ml</li><li style=\"padding:4px 0;\">🍷 Aceite Oliva Extra Virgen 500ml</li><li style=\"padding:4px 0;\">🍷 Pack Degustación x3</li></ul><div style=\"background:#fff3cd;border:2px solid #c8a951;padding:20px;border-radius:8px;text-align:center;margin:20px 0;\"><h3 style=\"color:#8b6914;margin-top:0;\">🎁 OFERTA EXCLUSIVA — 10% OFF</h3><p style=\"text-decoration:line-through;color:#999;\">Total original: $8325</p><p style=\"font-size:24px;font-weight:bold;color:#1a472a;\">Con descuento: $7492</p><a href=\"#\" style=\"background:#c8a951;color:#fff;padding:15px 30px;text-decoration:none;border-radius:4px;display:inline-block;font-weight:bold;margin-top:10px;\">¡Completar compra! →</a></div></div></body></html>",
                      "generado_en": "2026-09-25T17:08:12.987Z"
                    },
                    "pairedItem": {
                      "item": 5
                    }
                  },
                  {
                    "json": {
                      "email": "cliente7@ejemplo.com",
                      "nombre": "Cliente 7",
                      "productos_carrito": [
                        "Aceite Oliva Extra Virgen 500ml"
                      ],
                      "total_carrito": 2960,
                      "descuento": 296,
                      "total_final": 2664,
                      "html": "<!DOCTYPE html><html><body style=\"font-family:Arial,sans-serif;max-width:600px;margin:0 auto;padding:20px;\"><div style=\"background:#1a472a;padding:20px;text-align:center;\"><h1 style=\"color:#fff;margin:0;\">🌾 Golden Harvest S.A.</h1><p style=\"color:#a8d5a2;margin:5px 0;\">¡Tu carrito te está esperando!</p></div><div style=\"padding:30px;background:#fff;border:1px solid #e0e0e0;\"><h2 style=\"color:#1a472a;\">Hola Cliente 7,</h2><p>Dejaste estos productos en tu carrito hace <strong>3h</strong>:</p><ul style=\"background:#f9f6f0;padding:20px;border-radius:8px;\"><li style=\"padding:4px 0;\">🍷 Aceite Oliva Extra Virgen 500ml</li></ul><div style=\"background:#fff3cd;border:2px solid #c8a951;padding:20px;border-radius:8px;text-align:center;margin:20px 0;\"><h3 style=\"color:#8b6914;margin-top:0;\">🎁 OFERTA EXCLUSIVA — 10% OFF</h3><p style=\"text-decoration:line-through;color:#999;\">Total original: $2960</p><p style=\"font-size:24px;font-weight:bold;color:#1a472a;\">Con descuento: $2664</p><a href=\"#\" style=\"background:#c8a951;color:#fff;padding:15px 30px;text-decoration:none;border-radius:4px;display:inline-block;font-weight:bold;margin-top:10px;\">¡Completar compra! →</a></div></div></body></html>",
                      "generado_en": "2026-09-25T17:08:12.987Z"
                    },
                    "pairedItem": {
                      "item": 6
                    }
                  },
                  {
                    "json": {
                      "email": "cliente8@ejemplo.com",
                      "nombre": "Cliente 8",
                      "productos_carrito": [
                        "Pack Degustación x3",
                        "Malbec Gran Reserva 1.5L"
                      ],
                      "total_carrito": 6290,
                      "descuento": 629,
                      "total_final": 5661,
                      "html": "<!DOCTYPE html><html><body style=\"font-family:Arial,sans-serif;max-width:600px;margin:0 auto;padding:20px;\"><div style=\"background:#1a472a;padding:20px;text-align:center;\"><h1 style=\"color:#fff;margin:0;\">🌾 Golden Harvest S.A.</h1><p style=\"color:#a8d5a2;margin:5px 0;\">¡Tu carrito te está esperando!</p></div><div style=\"padding:30px;background:#fff;border:1px solid #e0e0e0;\"><h2 style=\"color:#1a472a;\">Hola Cliente 8,</h2><p>Dejaste estos productos en tu carrito hace <strong>4h</strong>:</p><ul style=\"background:#f9f6f0;padding:20px;border-radius:8px;\"><li style=\"padding:4px 0;\">🍷 Pack Degustación x3</li><li style=\"padding:4px 0;\">🍷 Malbec Gran Reserva 1.5L</li></ul><div style=\"background:#fff3cd;border:2px solid #c8a951;padding:20px;border-radius:8px;text-align:center;margin:20px 0;\"><h3 style=\"color:#8b6914;margin-top:0;\">🎁 OFERTA EXCLUSIVA — 10% OFF</h3><p style=\"text-decoration:line-through;color:#999;\">Total original: $6290</p><p style=\"font-size:24px;font-weight:bold;color:#1a472a;\">Con descuento: $5661</p><a href=\"#\" style=\"background:#c8a951;color:#fff;padding:15px 30px;text-decoration:none;border-radius:4px;display:inline-block;font-weight:bold;margin-top:10px;\">¡Completar compra! →</a></div></div></body></html>",
                      "generado_en": "2026-09-25T17:08:12.988Z"
                    },
                    "pairedItem": {
                      "item": 7
                    }
                  }
                ]
              ]
            }
          }
        ],
        "Limitar a 1 (TESIS)": [
          {
            "startTime": 1790356092989,
            "executionIndex": 4,
            "source": [
              {
                "previousNode": "Generar Email Descuento",
                "previousNodeOutput": 0,
                "previousNodeRun": 0
              }
            ],
            "hints": [],
            "executionTime": 1,
            "executionStatus": "success",
            "data": {
              "main": [
                [
                  {
                    "json": {
                      "email": "cliente1@ejemplo.com",
                      "nombre": "Cliente 1",
                      "productos_carrito": [
                        "Malbec Reserva 750ml"
                      ],
                      "total_carrito": 1850,
                      "descuento": 185,
                      "total_final": 1665,
                      "html": "<!DOCTYPE html><html><body style=\"font-family:Arial,sans-serif;max-width:600px;margin:0 auto;padding:20px;\"><div style=\"background:#1a472a;padding:20px;text-align:center;\"><h1 style=\"color:#fff;margin:0;\">🌾 Golden Harvest S.A.</h1><p style=\"color:#a8d5a2;margin:5px 0;\">¡Tu carrito te está esperando!</p></div><div style=\"padding:30px;background:#fff;border:1px solid #e0e0e0;\"><h2 style=\"color:#1a472a;\">Hola Cliente 1,</h2><p>Dejaste estos productos en tu carrito hace <strong>1h</strong>:</p><ul style=\"background:#f9f6f0;padding:20px;border-radius:8px;\"><li style=\"padding:4px 0;\">🍷 Malbec Reserva 750ml</li></ul><div style=\"background:#fff3cd;border:2px solid #c8a951;padding:20px;border-radius:8px;text-align:center;margin:20px 0;\"><h3 style=\"color:#8b6914;margin-top:0;\">🎁 OFERTA EXCLUSIVA — 10% OFF</h3><p style=\"text-decoration:line-through;color:#999;\">Total original: $1850</p><p style=\"font-size:24px;font-weight:bold;color:#1a472a;\">Con descuento: $1665</p><a href=\"#\" style=\"background:#c8a951;color:#fff;padding:15px 30px;text-decoration:none;border-radius:4px;display:inline-block;font-weight:bold;margin-top:10px;\">¡Completar compra! →</a></div></div></body></html>",
                      "generado_en": "2026-09-25T17:08:12.982Z"
                    },
                    "pairedItem": {
                      "item": 0
                    }
                  }
                ]
              ]
            }
          }
        ],
        "Gmail — Enviar Descuento (TESIS)": [
          {
            "startTime": 1790356092990,
            "executionIndex": 5,
            "source": [
              {
                "previousNode": "Limitar a 1 (TESIS)",
                "previousNodeOutput": 0,
                "previousNodeRun": 0
              }
            ],
            "hints": [],
            "executionTime": 687,
            "executionStatus": "success",
            "data": {
              "main": [
                [
                  {
                    "json": {
                      "id": "1a0d989f82400891",
                      "threadId": "1a0d989f82400891",
                      "labelIds": [
                        "UNREAD",
                        "SENT",
                        "INBOX"
                      ]
                    },
                    "pairedItem": {
                      "item": 0
                    }
                  }
                ]
              ]
            }
          }
        ]
      },
      "lastNodeExecuted": "Gmail — Enviar Descuento (TESIS)"
    },
    "executionData": {
      "contextData": {},
      "nodeExecutionStack": [],
      "metadata": {},
      "waitingExecution": {},
      "waitingExecutionSource": {},
      "runtimeData": {
        "version": 1,
        "establishedAt": 1790356092325,
        "source": "cli",
        "triggerNode": {
          "name": "Manual Trigger",
          "type": "n8n-nodes-base.manualTrigger"
        }
      }
    },
    "resumeToken": "66e99d75501a08264f55cec16ae2fdd845baa85ee6c66575b0a702bdca501a15"
  },
  "mode": "cli",
  "startedAt": "2026-09-25T17:08:12.317Z",
  "stoppedAt": "2026-09-25T17:08:13.678Z",
  "storedAt": "db",
  "status": "success",
  "finished": true
}
