Puppeteer node: Container detected via .dockerenv file
Puppeteer node: Container detected via .dockerenv file
n8n Task Broker ready on 127.0.0.1, port 5690
Failed to start Python task runner in internal mode. because Python 3 is missing from this system. Launching a Python runner in internal mode is intended only for debugging and is not recommended for production. Users are encouraged to deploy in external mode. See: https://docs.n8n.io/hosting/configuration/task-runners/#setting-up-external-mode
[license SDK] Skipping renewal on init: renewOnInit is disabled in config
[license SDK] Skipping renewal on init: autoRenewEnabled is disabled in config
[license SDK] Skipping renewal on init: license cert is not initialized
[PostHog] `sendFeatureFlags` is deprecated and will be removed in a future major version. Pass a `flags` snapshot from `posthog.evaluateFlags(...)` instead — it avoids a second `/flags` request per capture and guarantees the event carries the exact flag values your code branched on.
{
  "data": {
    "version": 1,
    "startData": {},
    "resultData": {
      "runData": {
        "Manual Trigger": [
          {
            "startTime": 1791389680230,
            "executionIndex": 0,
            "source": [],
            "hints": [],
            "executionTime": 1,
            "executionStatus": "success",
            "data": {
              "main": [
                [
                  {
                    "json": {},
                    "pairedItem": {
                      "item": 0
                    }
                  }
                ]
              ]
            }
          }
        ],
        "Obtener Órdenes Confirmadas": [
          {
            "startTime": 1791389680240,
            "executionIndex": 1,
            "source": [
              {
                "previousNode": "Manual Trigger",
                "previousNodeOutput": 0,
                "previousNodeRun": 0
              }
            ],
            "hints": [],
            "executionTime": 63,
            "executionStatus": "success",
            "data": {
              "main": [
                []
              ]
            }
          }
        ]
      },
      "lastNodeExecuted": "Obtener Órdenes Confirmadas"
    },
    "executionData": {
      "contextData": {},
      "nodeExecutionStack": [],
      "metadata": {},
      "waitingExecution": {},
      "waitingExecutionSource": {},
      "runtimeData": {
        "version": 1,
        "establishedAt": 1791389680230,
        "source": "cli",
        "triggerNode": {
          "name": "Manual Trigger",
          "type": "n8n-nodes-base.manualTrigger"
        }
      }
    },
    "resumeToken": "b7e90ada4337d84ef8153bf1a9f314101435ddd117aa3616a7e105ef5ec67880"
  },
  "mode": "cli",
  "startedAt": "2026-10-07T16:14:40.225Z",
  "stoppedAt": "2026-10-07T16:14:40.360Z",
  "storedAt": "db",
  "status": "success",
  "finished": true
}
