{"__type":"$$EventMessageAudit","id":"a4680720-9d5e-4ede-a8d0-88f69f3791d2","ts":"2026-07-01T15:44:45.056-03:00","eventName":"n8n.audit.workflow.executed","message":"n8n.audit.workflow.executed","payload":{"userId":"e904e65e-d840-4829-bc02-d388c616774f","_email":"tiagoboberg@gmail.com","_firstName":"Tiago","_lastName":"Cunto Boberg","globalRole":"global:owner","workflowId":"Yvoc3v8PN45TaRAD","workflowName":"01. Automated Branding","executionId":"180","source":"user-manual"}}
{"__type":"$$EventMessageConfirm","confirm":"a4680720-9d5e-4ede-a8d0-88f69f3791d2","ts":"2026-07-01T15:44:45.057-03:00","source":{"id":"0","name":"eventBus"}}
{"__type":"$$EventMessageWorkflow","id":"d647306b-7e68-4d8a-998a-63e6e8fef4d6","ts":"2026-07-01T15:44:45.061-03:00","eventName":"n8n.workflow.started","message":"n8n.workflow.started","payload":{"executionId":"180","workflowId":"Yvoc3v8PN45TaRAD","isManual":false,"mode":"manual","workflowName":"01. Automated Branding","projectId":"fqt8Sbkc8GWwPwDS","projectName":"Tiago Cunto Boberg <tiagoboberg@gmail.com>"}}
{"__type":"$$EventMessageConfirm","confirm":"d647306b-7e68-4d8a-998a-63e6e8fef4d6","ts":"2026-07-01T15:44:45.062-03:00","source":{"id":"0","name":"eventBus"}}
{"__type":"$$EventMessageNode","id":"bdfcb10d-ba2a-472d-9a7d-7fac409d941a","ts":"2026-07-01T15:44:45.074-03:00","eventName":"n8n.node.started","message":"n8n.node.started","payload":{"workflowId":"Yvoc3v8PN45TaRAD","workflowName":"01. Automated Branding","executionId":"180","nodeType":"n8n-nodes-base.manualTrigger","nodeName":"Manual Trigger","nodeId":"manual-trigger"}}
{"__type":"$$EventMessageConfirm","confirm":"bdfcb10d-ba2a-472d-9a7d-7fac409d941a","ts":"2026-07-01T15:44:45.074-03:00","source":{"id":"0","name":"eventBus"}}
{"__type":"$$EventMessageNode","id":"f65a98bd-dd26-4964-9a5d-0c0bc50cc020","ts":"2026-07-01T15:44:45.079-03:00","eventName":"n8n.node.finished","message":"n8n.node.finished","payload":{"workflowId":"Yvoc3v8PN45TaRAD","workflowName":"01. Automated Branding","executionId":"180","nodeType":"n8n-nodes-base.manualTrigger","nodeName":"Manual Trigger","nodeId":"manual-trigger"}}
{"__type":"$$EventMessageConfirm","confirm":"f65a98bd-dd26-4964-9a5d-0c0bc50cc020","ts":"2026-07-01T15:44:45.079-03:00","source":{"id":"0","name":"eventBus"}}
{"__type":"$$EventMessageNode","id":"199d717e-17d0-4ca3-9bc3-0d38970d9037","ts":"2026-07-01T15:44:45.081-03:00","eventName":"n8n.node.started","message":"n8n.node.started","payload":{"workflowId":"Yvoc3v8PN45TaRAD","workflowName":"01. Automated Branding","executionId":"180","nodeType":"n8n-nodes-base.set","nodeName":"Set Thesis URL","nodeId":"set-thesis-url"}}
{"__type":"$$EventMessageConfirm","confirm":"199d717e-17d0-4ca3-9bc3-0d38970d9037","ts":"2026-07-01T15:44:45.081-03:00","source":{"id":"0","name":"eventBus"}}
{"__type":"$$EventMessageNode","id":"73811651-4498-4473-b4e1-541317aa9bcf","ts":"2026-07-01T15:44:45.087-03:00","eventName":"n8n.node.finished","message":"n8n.node.finished","payload":{"workflowId":"Yvoc3v8PN45TaRAD","workflowName":"01. Automated Branding","executionId":"180","nodeType":"n8n-nodes-base.set","nodeName":"Set Thesis URL","nodeId":"set-thesis-url"}}
{"__type":"$$EventMessageConfirm","confirm":"73811651-4498-4473-b4e1-541317aa9bcf","ts":"2026-07-01T15:44:45.087-03:00","source":{"id":"0","name":"eventBus"}}
{"__type":"$$EventMessageNode","id":"11ee88df-8a0e-42c6-b725-310d59ae0045","ts":"2026-07-01T15:44:45.088-03:00","eventName":"n8n.node.started","message":"n8n.node.started","payload":{"workflowId":"Yvoc3v8PN45TaRAD","workflowName":"01. Automated Branding","executionId":"180","nodeType":"n8n-nodes-puppeteer.puppeteer","nodeName":"Fetch HTML","nodeId":"http-request"}}
{"__type":"$$EventMessageConfirm","confirm":"11ee88df-8a0e-42c6-b725-310d59ae0045","ts":"2026-07-01T15:44:45.088-03:00","source":{"id":"0","name":"eventBus"}}
{"__type":"$$EventMessageNode","id":"ef9e5293-08f6-428b-bd4f-b9d89ed64e4f","ts":"2026-07-01T15:44:48.529-03:00","eventName":"n8n.node.finished","message":"n8n.node.finished","payload":{"workflowId":"Yvoc3v8PN45TaRAD","workflowName":"01. Automated Branding","executionId":"180","nodeType":"n8n-nodes-puppeteer.puppeteer","nodeName":"Fetch HTML","nodeId":"http-request"}}
{"__type":"$$EventMessageConfirm","confirm":"ef9e5293-08f6-428b-bd4f-b9d89ed64e4f","ts":"2026-07-01T15:44:48.529-03:00","source":{"id":"0","name":"eventBus"}}
{"__type":"$$EventMessageWorkflow","id":"c166fb54-3220-4e17-b6f2-13b64a5362b9","ts":"2026-07-01T15:44:48.539-03:00","eventName":"n8n.workflow.failed","message":"n8n.workflow.failed","payload":{"userId":"e904e65e-d840-4829-bc02-d388c616774f","executionId":"180","success":false,"isManual":true,"mode":"manual","workflowId":"Yvoc3v8PN45TaRAD","workflowName":"01. Automated Branding","projectId":"fqt8Sbkc8GWwPwDS","projectName":"Tiago Cunto Boberg <tiagoboberg@gmail.com>","lastNodeExecuted":"Fetch HTML","errorNodeType":"n8n-nodes-puppeteer.puppeteer","errorMessage":"Request failed with status code 404"}}
{"__type":"$$EventMessageConfirm","confirm":"c166fb54-3220-4e17-b6f2-13b64a5362b9","ts":"2026-07-01T15:44:48.539-03:00","source":{"id":"0","name":"eventBus"}}
{"__type":"$$EventMessageAudit","id":"e75aea3e-d501-4726-9e06-19277c40b632","ts":"2026-07-01T15:45:47.713-03:00","eventName":"n8n.audit.workflow.updated","message":"n8n.audit.workflow.updated","payload":{"userId":"e904e65e-d840-4829-bc02-d388c616774f","_email":"tiagoboberg@gmail.com","_firstName":"Tiago","_lastName":"Cunto Boberg","globalRole":"global:owner","workflowId":"Yvoc3v8PN45TaRAD","workflowName":"01. Automated Branding"}}
{"__type":"$$EventMessageConfirm","confirm":"e75aea3e-d501-4726-9e06-19277c40b632","ts":"2026-07-01T15:45:47.713-03:00","source":{"id":"0","name":"eventBus"}}
{"__type":"$$EventMessageAudit","id":"4acf2cab-14ce-4d6c-8b02-a1a2ee78e20b","ts":"2026-07-01T15:45:48.459-03:00","eventName":"n8n.audit.workflow.executed","message":"n8n.audit.workflow.executed","payload":{"userId":"e904e65e-d840-4829-bc02-d388c616774f","_email":"tiagoboberg@gmail.com","_firstName":"Tiago","_lastName":"Cunto Boberg","globalRole":"global:owner","workflowId":"Yvoc3v8PN45TaRAD","workflowName":"01. Automated Branding","executionId":"181","source":"user-manual"}}
{"__type":"$$EventMessageConfirm","confirm":"4acf2cab-14ce-4d6c-8b02-a1a2ee78e20b","ts":"2026-07-01T15:45:48.459-03:00","source":{"id":"0","name":"eventBus"}}
{"__type":"$$EventMessageWorkflow","id":"1ab80927-f42b-4a46-8777-c58eb5c49fa7","ts":"2026-07-01T15:45:48.460-03:00","eventName":"n8n.workflow.started","message":"n8n.workflow.started","payload":{"executionId":"181","workflowId":"Yvoc3v8PN45TaRAD","isManual":false,"mode":"manual","workflowName":"01. Automated Branding","projectId":"fqt8Sbkc8GWwPwDS","projectName":"Tiago Cunto Boberg <tiagoboberg@gmail.com>"}}
{"__type":"$$EventMessageConfirm","confirm":"1ab80927-f42b-4a46-8777-c58eb5c49fa7","ts":"2026-07-01T15:45:48.460-03:00","source":{"id":"0","name":"eventBus"}}
{"__type":"$$EventMessageNode","id":"bd24b9a7-2d9c-467f-9bf5-60fd6cde4971","ts":"2026-07-01T15:45:48.468-03:00","eventName":"n8n.node.started","message":"n8n.node.started","payload":{"workflowId":"Yvoc3v8PN45TaRAD","workflowName":"01. Automated Branding","executionId":"181","nodeType":"n8n-nodes-base.set","nodeName":"Set Thesis URL","nodeId":"set-thesis-url"}}
{"__type":"$$EventMessageConfirm","confirm":"bd24b9a7-2d9c-467f-9bf5-60fd6cde4971","ts":"2026-07-01T15:45:48.468-03:00","source":{"id":"0","name":"eventBus"}}
{"__type":"$$EventMessageNode","id":"8be17b8f-0793-4f5e-8c4f-b65975307be8","ts":"2026-07-01T15:45:48.469-03:00","eventName":"n8n.node.finished","message":"n8n.node.finished","payload":{"workflowId":"Yvoc3v8PN45TaRAD","workflowName":"01. Automated Branding","executionId":"181","nodeType":"n8n-nodes-base.set","nodeName":"Set Thesis URL","nodeId":"set-thesis-url"}}
{"__type":"$$EventMessageConfirm","confirm":"8be17b8f-0793-4f5e-8c4f-b65975307be8","ts":"2026-07-01T15:45:48.469-03:00","source":{"id":"0","name":"eventBus"}}
{"__type":"$$EventMessageWorkflow","id":"81baabc5-5cef-4d4a-ba43-0cc97e716404","ts":"2026-07-01T15:45:48.472-03:00","eventName":"n8n.workflow.success","message":"n8n.workflow.success","payload":{"userId":"e904e65e-d840-4829-bc02-d388c616774f","executionId":"181","success":true,"isManual":true,"mode":"manual","workflowId":"Yvoc3v8PN45TaRAD","workflowName":"01. Automated Branding","projectId":"fqt8Sbkc8GWwPwDS","projectName":"Tiago Cunto Boberg <tiagoboberg@gmail.com>"}}
{"__type":"$$EventMessageConfirm","confirm":"81baabc5-5cef-4d4a-ba43-0cc97e716404","ts":"2026-07-01T15:45:48.472-03:00","source":{"id":"0","name":"eventBus"}}
{"__type":"$$EventMessageAudit","id":"a7602189-380e-45d0-b9b7-6edfab0a75fc","ts":"2026-07-01T15:45:53.248-03:00","eventName":"n8n.audit.workflow.executed","message":"n8n.audit.workflow.executed","payload":{"userId":"e904e65e-d840-4829-bc02-d388c616774f","_email":"tiagoboberg@gmail.com","_firstName":"Tiago","_lastName":"Cunto Boberg","globalRole":"global:owner","workflowId":"Yvoc3v8PN45TaRAD","workflowName":"01. Automated Branding","executionId":"182","source":"user-manual"}}
{"__type":"$$EventMessageConfirm","confirm":"a7602189-380e-45d0-b9b7-6edfab0a75fc","ts":"2026-07-01T15:45:53.248-03:00","source":{"id":"0","name":"eventBus"}}
{"__type":"$$EventMessageWorkflow","id":"0d64dfa9-d068-4538-948f-7a91c5a5a7b8","ts":"2026-07-01T15:45:53.249-03:00","eventName":"n8n.workflow.started","message":"n8n.workflow.started","payload":{"executionId":"182","workflowId":"Yvoc3v8PN45TaRAD","isManual":false,"mode":"manual","workflowName":"01. Automated Branding","projectId":"fqt8Sbkc8GWwPwDS","projectName":"Tiago Cunto Boberg <tiagoboberg@gmail.com>"}}
{"__type":"$$EventMessageConfirm","confirm":"0d64dfa9-d068-4538-948f-7a91c5a5a7b8","ts":"2026-07-01T15:45:53.250-03:00","source":{"id":"0","name":"eventBus"}}
{"__type":"$$EventMessageNode","id":"6a92c255-24ca-419a-8240-c2ed5b7634eb","ts":"2026-07-01T15:45:53.265-03:00","eventName":"n8n.node.started","message":"n8n.node.started","payload":{"workflowId":"Yvoc3v8PN45TaRAD","workflowName":"01. Automated Branding","executionId":"182","nodeType":"n8n-nodes-base.manualTrigger","nodeName":"Manual Trigger","nodeId":"manual-trigger"}}
{"__type":"$$EventMessageConfirm","confirm":"6a92c255-24ca-419a-8240-c2ed5b7634eb","ts":"2026-07-01T15:45:53.265-03:00","source":{"id":"0","name":"eventBus"}}
{"__type":"$$EventMessageNode","id":"816a85e0-0d60-4b4e-aeae-3059f948cf01","ts":"2026-07-01T15:45:53.266-03:00","eventName":"n8n.node.finished","message":"n8n.node.finished","payload":{"workflowId":"Yvoc3v8PN45TaRAD","workflowName":"01. Automated Branding","executionId":"182","nodeType":"n8n-nodes-base.manualTrigger","nodeName":"Manual Trigger","nodeId":"manual-trigger"}}
{"__type":"$$EventMessageConfirm","confirm":"816a85e0-0d60-4b4e-aeae-3059f948cf01","ts":"2026-07-01T15:45:53.266-03:00","source":{"id":"0","name":"eventBus"}}
{"__type":"$$EventMessageNode","id":"62b20a39-9363-478e-8299-1425074246ca","ts":"2026-07-01T15:45:53.267-03:00","eventName":"n8n.node.started","message":"n8n.node.started","payload":{"workflowId":"Yvoc3v8PN45TaRAD","workflowName":"01. Automated Branding","executionId":"182","nodeType":"n8n-nodes-base.set","nodeName":"Set Thesis URL","nodeId":"set-thesis-url"}}
{"__type":"$$EventMessageConfirm","confirm":"62b20a39-9363-478e-8299-1425074246ca","ts":"2026-07-01T15:45:53.267-03:00","source":{"id":"0","name":"eventBus"}}
{"__type":"$$EventMessageNode","id":"6bd45ec7-6dc5-40f9-929e-28e29b57e485","ts":"2026-07-01T15:45:53.268-03:00","eventName":"n8n.node.finished","message":"n8n.node.finished","payload":{"workflowId":"Yvoc3v8PN45TaRAD","workflowName":"01. Automated Branding","executionId":"182","nodeType":"n8n-nodes-base.set","nodeName":"Set Thesis URL","nodeId":"set-thesis-url"}}
{"__type":"$$EventMessageConfirm","confirm":"6bd45ec7-6dc5-40f9-929e-28e29b57e485","ts":"2026-07-01T15:45:53.268-03:00","source":{"id":"0","name":"eventBus"}}
{"__type":"$$EventMessageNode","id":"008da741-f178-4683-a945-d7acb7f5ce19","ts":"2026-07-01T15:45:53.269-03:00","eventName":"n8n.node.started","message":"n8n.node.started","payload":{"workflowId":"Yvoc3v8PN45TaRAD","workflowName":"01. Automated Branding","executionId":"182","nodeType":"n8n-nodes-puppeteer.puppeteer","nodeName":"Fetch HTML","nodeId":"http-request"}}
{"__type":"$$EventMessageConfirm","confirm":"008da741-f178-4683-a945-d7acb7f5ce19","ts":"2026-07-01T15:45:53.269-03:00","source":{"id":"0","name":"eventBus"}}
{"__type":"$$EventMessageNode","id":"aba38b02-b5a0-46ea-a586-516c9d0d7ea9","ts":"2026-07-01T15:45:54.812-03:00","eventName":"n8n.node.finished","message":"n8n.node.finished","payload":{"workflowId":"Yvoc3v8PN45TaRAD","workflowName":"01. Automated Branding","executionId":"182","nodeType":"n8n-nodes-puppeteer.puppeteer","nodeName":"Fetch HTML","nodeId":"http-request"}}
{"__type":"$$EventMessageConfirm","confirm":"aba38b02-b5a0-46ea-a586-516c9d0d7ea9","ts":"2026-07-01T15:45:54.812-03:00","source":{"id":"0","name":"eventBus"}}
{"__type":"$$EventMessageWorkflow","id":"5e02e6ba-abeb-4538-b2f0-53589f67e899","ts":"2026-07-01T15:45:54.815-03:00","eventName":"n8n.workflow.failed","message":"n8n.workflow.failed","payload":{"userId":"e904e65e-d840-4829-bc02-d388c616774f","executionId":"182","success":false,"isManual":true,"mode":"manual","workflowId":"Yvoc3v8PN45TaRAD","workflowName":"01. Automated Branding","projectId":"fqt8Sbkc8GWwPwDS","projectName":"Tiago Cunto Boberg <tiagoboberg@gmail.com>","lastNodeExecuted":"Fetch HTML","errorNodeType":"n8n-nodes-puppeteer.puppeteer","errorMessage":"Request failed with status code 404"}}
{"__type":"$$EventMessageConfirm","confirm":"5e02e6ba-abeb-4538-b2f0-53589f67e899","ts":"2026-07-01T15:45:54.815-03:00","source":{"id":"0","name":"eventBus"}}
{"__type":"$$EventMessageAudit","id":"5aeda77e-3a24-42b1-b8c3-c2bfccd2a167","ts":"2026-07-01T15:46:18.276-03:00","eventName":"n8n.audit.workflow.updated","message":"n8n.audit.workflow.updated","payload":{"userId":"e904e65e-d840-4829-bc02-d388c616774f","_email":"tiagoboberg@gmail.com","_firstName":"Tiago","_lastName":"Cunto Boberg","globalRole":"global:owner","workflowId":"Yvoc3v8PN45TaRAD","workflowName":"01. Automated Branding"}}
{"__type":"$$EventMessageConfirm","confirm":"5aeda77e-3a24-42b1-b8c3-c2bfccd2a167","ts":"2026-07-01T15:46:18.276-03:00","source":{"id":"0","name":"eventBus"}}
{"__type":"$$EventMessageAudit","id":"7a6c0145-cfac-49c0-b4da-4769bd35d0b5","ts":"2026-07-01T15:46:20.047-03:00","eventName":"n8n.audit.workflow.executed","message":"n8n.audit.workflow.executed","payload":{"userId":"e904e65e-d840-4829-bc02-d388c616774f","_email":"tiagoboberg@gmail.com","_firstName":"Tiago","_lastName":"Cunto Boberg","globalRole":"global:owner","workflowId":"Yvoc3v8PN45TaRAD","workflowName":"01. Automated Branding","executionId":"183","source":"user-manual"}}
{"__type":"$$EventMessageConfirm","confirm":"7a6c0145-cfac-49c0-b4da-4769bd35d0b5","ts":"2026-07-01T15:46:20.047-03:00","source":{"id":"0","name":"eventBus"}}
{"__type":"$$EventMessageWorkflow","id":"bd4b1028-6d22-4338-b0ec-a261feb3522d","ts":"2026-07-01T15:46:20.048-03:00","eventName":"n8n.workflow.started","message":"n8n.workflow.started","payload":{"executionId":"183","workflowId":"Yvoc3v8PN45TaRAD","isManual":false,"mode":"manual","workflowName":"01. Automated Branding","projectId":"fqt8Sbkc8GWwPwDS","projectName":"Tiago Cunto Boberg <tiagoboberg@gmail.com>"}}
{"__type":"$$EventMessageConfirm","confirm":"bd4b1028-6d22-4338-b0ec-a261feb3522d","ts":"2026-07-01T15:46:20.049-03:00","source":{"id":"0","name":"eventBus"}}
{"__type":"$$EventMessageNode","id":"2873f782-43b7-4dcd-a57a-db1d56f07207","ts":"2026-07-01T15:46:20.067-03:00","eventName":"n8n.node.started","message":"n8n.node.started","payload":{"workflowId":"Yvoc3v8PN45TaRAD","workflowName":"01. Automated Branding","executionId":"183","nodeType":"n8n-nodes-base.manualTrigger","nodeName":"Manual Trigger","nodeId":"manual-trigger"}}
{"__type":"$$EventMessageConfirm","confirm":"2873f782-43b7-4dcd-a57a-db1d56f07207","ts":"2026-07-01T15:46:20.067-03:00","source":{"id":"0","name":"eventBus"}}
{"__type":"$$EventMessageNode","id":"afeb1a09-219d-40b6-9b24-eb4660d55134","ts":"2026-07-01T15:46:20.068-03:00","eventName":"n8n.node.finished","message":"n8n.node.finished","payload":{"workflowId":"Yvoc3v8PN45TaRAD","workflowName":"01. Automated Branding","executionId":"183","nodeType":"n8n-nodes-base.manualTrigger","nodeName":"Manual Trigger","nodeId":"manual-trigger"}}
{"__type":"$$EventMessageConfirm","confirm":"afeb1a09-219d-40b6-9b24-eb4660d55134","ts":"2026-07-01T15:46:20.068-03:00","source":{"id":"0","name":"eventBus"}}
{"__type":"$$EventMessageNode","id":"1bb7ab64-c309-45e6-88ac-7a3dea7c423d","ts":"2026-07-01T15:46:20.069-03:00","eventName":"n8n.node.started","message":"n8n.node.started","payload":{"workflowId":"Yvoc3v8PN45TaRAD","workflowName":"01. Automated Branding","executionId":"183","nodeType":"n8n-nodes-base.set","nodeName":"Set Thesis URL","nodeId":"set-thesis-url"}}
{"__type":"$$EventMessageConfirm","confirm":"1bb7ab64-c309-45e6-88ac-7a3dea7c423d","ts":"2026-07-01T15:46:20.069-03:00","source":{"id":"0","name":"eventBus"}}
{"__type":"$$EventMessageNode","id":"62955289-70c9-4045-ac8d-154873ba65b0","ts":"2026-07-01T15:46:20.072-03:00","eventName":"n8n.node.finished","message":"n8n.node.finished","payload":{"workflowId":"Yvoc3v8PN45TaRAD","workflowName":"01. Automated Branding","executionId":"183","nodeType":"n8n-nodes-base.set","nodeName":"Set Thesis URL","nodeId":"set-thesis-url"}}
{"__type":"$$EventMessageConfirm","confirm":"62955289-70c9-4045-ac8d-154873ba65b0","ts":"2026-07-01T15:46:20.072-03:00","source":{"id":"0","name":"eventBus"}}
{"__type":"$$EventMessageNode","id":"2e559ad2-6480-41bd-a770-69a0424112b2","ts":"2026-07-01T15:46:20.072-03:00","eventName":"n8n.node.started","message":"n8n.node.started","payload":{"workflowId":"Yvoc3v8PN45TaRAD","workflowName":"01. Automated Branding","executionId":"183","nodeType":"n8n-nodes-puppeteer.puppeteer","nodeName":"Fetch HTML","nodeId":"http-request"}}
{"__type":"$$EventMessageConfirm","confirm":"2e559ad2-6480-41bd-a770-69a0424112b2","ts":"2026-07-01T15:46:20.073-03:00","source":{"id":"0","name":"eventBus"}}
{"__type":"$$EventMessageNode","id":"634866f3-6e28-46cd-9f7d-8a8687847ba5","ts":"2026-07-01T15:46:22.050-03:00","eventName":"n8n.node.finished","message":"n8n.node.finished","payload":{"workflowId":"Yvoc3v8PN45TaRAD","workflowName":"01. Automated Branding","executionId":"183","nodeType":"n8n-nodes-puppeteer.puppeteer","nodeName":"Fetch HTML","nodeId":"http-request"}}
{"__type":"$$EventMessageConfirm","confirm":"634866f3-6e28-46cd-9f7d-8a8687847ba5","ts":"2026-07-01T15:46:22.050-03:00","source":{"id":"0","name":"eventBus"}}
{"__type":"$$EventMessageNode","id":"bd59dd7b-36cc-4849-88f8-229a79b49b0c","ts":"2026-07-01T15:46:22.051-03:00","eventName":"n8n.node.started","message":"n8n.node.started","payload":{"workflowId":"Yvoc3v8PN45TaRAD","workflowName":"01. Automated Branding","executionId":"183","nodeType":"n8n-nodes-base.code","nodeName":"Extract Colors","nodeId":"code"}}
{"__type":"$$EventMessageConfirm","confirm":"bd59dd7b-36cc-4849-88f8-229a79b49b0c","ts":"2026-07-01T15:46:22.052-03:00","source":{"id":"0","name":"eventBus"}}
{"__type":"$$EventMessageRunner","id":"72571c8c-4048-4e5b-bf15-7d0018a3a394","ts":"2026-07-01T15:46:22.055-03:00","eventName":"n8n.runner.task.requested","message":"n8n.runner.task.requested","payload":{"taskId":"Wc1X6UQB","nodeId":"code","workflowId":"Yvoc3v8PN45TaRAD","executionId":"183"}}
{"__type":"$$EventMessageConfirm","confirm":"72571c8c-4048-4e5b-bf15-7d0018a3a394","ts":"2026-07-01T15:46:22.056-03:00","source":{"id":"0","name":"eventBus"}}
{"__type":"$$EventMessageRunner","id":"8f31445a-8fea-43df-881d-b5ebc8f9f564","ts":"2026-07-01T15:46:22.124-03:00","eventName":"n8n.runner.response.received","message":"n8n.runner.response.received","payload":{"taskId":"Wc1X6UQB","nodeId":"code","workflowId":"Yvoc3v8PN45TaRAD","executionId":"183"}}
{"__type":"$$EventMessageConfirm","confirm":"8f31445a-8fea-43df-881d-b5ebc8f9f564","ts":"2026-07-01T15:46:22.124-03:00","source":{"id":"0","name":"eventBus"}}
{"__type":"$$EventMessageNode","id":"a137d6a3-6615-493e-8ce1-9b1c954897dd","ts":"2026-07-01T15:46:22.125-03:00","eventName":"n8n.node.finished","message":"n8n.node.finished","payload":{"workflowId":"Yvoc3v8PN45TaRAD","workflowName":"01. Automated Branding","executionId":"183","nodeType":"n8n-nodes-base.code","nodeName":"Extract Colors","nodeId":"code"}}
{"__type":"$$EventMessageConfirm","confirm":"a137d6a3-6615-493e-8ce1-9b1c954897dd","ts":"2026-07-01T15:46:22.125-03:00","source":{"id":"0","name":"eventBus"}}
{"__type":"$$EventMessageNode","id":"242e0b7d-04ca-43d4-99d8-713d69a96445","ts":"2026-07-01T15:46:22.126-03:00","eventName":"n8n.node.started","message":"n8n.node.started","payload":{"workflowId":"Yvoc3v8PN45TaRAD","workflowName":"01. Automated Branding","executionId":"183","nodeType":"n8n-nodes-base.gmail","nodeName":"Send Email","nodeId":"gmail"}}
{"__type":"$$EventMessageConfirm","confirm":"242e0b7d-04ca-43d4-99d8-713d69a96445","ts":"2026-07-01T15:46:22.126-03:00","source":{"id":"0","name":"eventBus"}}
{"__type":"$$EventMessageNode","id":"082927b7-dcba-4072-8464-109b8348c5e9","ts":"2026-07-01T15:46:23.513-03:00","eventName":"n8n.node.finished","message":"n8n.node.finished","payload":{"workflowId":"Yvoc3v8PN45TaRAD","workflowName":"01. Automated Branding","executionId":"183","nodeType":"n8n-nodes-base.gmail","nodeName":"Send Email","nodeId":"gmail"}}
{"__type":"$$EventMessageConfirm","confirm":"082927b7-dcba-4072-8464-109b8348c5e9","ts":"2026-07-01T15:46:23.513-03:00","source":{"id":"0","name":"eventBus"}}
{"__type":"$$EventMessageWorkflow","id":"53c04c1f-118b-4a62-8926-4babf2874c53","ts":"2026-07-01T15:46:23.518-03:00","eventName":"n8n.workflow.success","message":"n8n.workflow.success","payload":{"userId":"e904e65e-d840-4829-bc02-d388c616774f","executionId":"183","success":true,"isManual":true,"mode":"manual","workflowId":"Yvoc3v8PN45TaRAD","workflowName":"01. Automated Branding","projectId":"fqt8Sbkc8GWwPwDS","projectName":"Tiago Cunto Boberg <tiagoboberg@gmail.com>"}}
{"__type":"$$EventMessageConfirm","confirm":"53c04c1f-118b-4a62-8926-4babf2874c53","ts":"2026-07-01T15:46:23.518-03:00","source":{"id":"0","name":"eventBus"}}
{"__type":"$$EventMessageAudit","id":"69131b27-b84c-4b71-b3bb-889ca4263e9e","ts":"2026-07-01T15:47:23.240-03:00","eventName":"n8n.audit.workflow.updated","message":"n8n.audit.workflow.updated","payload":{"userId":"e904e65e-d840-4829-bc02-d388c616774f","_email":"tiagoboberg@gmail.com","_firstName":"Tiago","_lastName":"Cunto Boberg","globalRole":"global:owner","workflowId":"Yvoc3v8PN45TaRAD","workflowName":"01. Automated Branding"}}
{"__type":"$$EventMessageConfirm","confirm":"69131b27-b84c-4b71-b3bb-889ca4263e9e","ts":"2026-07-01T15:47:23.240-03:00","source":{"id":"0","name":"eventBus"}}
{"__type":"$$EventMessageAudit","id":"8c30bd1f-9c51-4af2-9629-f7ba2ccd78b3","ts":"2026-07-01T15:49:31.765-03:00","eventName":"n8n.audit.workflow.updated","message":"n8n.audit.workflow.updated","payload":{"userId":"e904e65e-d840-4829-bc02-d388c616774f","_email":"tiagoboberg@gmail.com","_firstName":"Tiago","_lastName":"Cunto Boberg","globalRole":"global:owner","workflowId":"7zorYUSLKel4UkbC","workflowName":"02. Website Health & SEO Monitor"}}
{"__type":"$$EventMessageConfirm","confirm":"8c30bd1f-9c51-4af2-9629-f7ba2ccd78b3","ts":"2026-07-01T15:49:31.765-03:00","source":{"id":"0","name":"eventBus"}}
{"__type":"$$EventMessageAudit","id":"43c42d25-98fb-464b-a03c-7e84443b5c98","ts":"2026-07-01T15:49:35.328-03:00","eventName":"n8n.audit.workflow.executed","message":"n8n.audit.workflow.executed","payload":{"userId":"e904e65e-d840-4829-bc02-d388c616774f","_email":"tiagoboberg@gmail.com","_firstName":"Tiago","_lastName":"Cunto Boberg","globalRole":"global:owner","workflowId":"7zorYUSLKel4UkbC","workflowName":"02. Website Health & SEO Monitor","executionId":"184","source":"user-manual"}}
{"__type":"$$EventMessageConfirm","confirm":"43c42d25-98fb-464b-a03c-7e84443b5c98","ts":"2026-07-01T15:49:35.328-03:00","source":{"id":"0","name":"eventBus"}}
{"__type":"$$EventMessageWorkflow","id":"365c155a-b6e0-47a6-9be8-62bb0e8521da","ts":"2026-07-01T15:49:35.329-03:00","eventName":"n8n.workflow.started","message":"n8n.workflow.started","payload":{"executionId":"184","workflowId":"7zorYUSLKel4UkbC","isManual":false,"mode":"manual","workflowName":"02. Website Health & SEO Monitor","projectId":"fqt8Sbkc8GWwPwDS","projectName":"Tiago Cunto Boberg <tiagoboberg@gmail.com>"}}
{"__type":"$$EventMessageConfirm","confirm":"365c155a-b6e0-47a6-9be8-62bb0e8521da","ts":"2026-07-01T15:49:35.329-03:00","source":{"id":"0","name":"eventBus"}}
{"__type":"$$EventMessageNode","id":"391a3217-fdcf-42d4-8281-c2c7f48a26df","ts":"2026-07-01T15:49:35.338-03:00","eventName":"n8n.node.started","message":"n8n.node.started","payload":{"workflowId":"7zorYUSLKel4UkbC","workflowName":"02. Website Health & SEO Monitor","executionId":"184","nodeType":"n8n-nodes-base.manualTrigger","nodeName":"Manual Trigger","nodeId":"bbb00001-0001-0001-0001-000000000001"}}
{"__type":"$$EventMessageConfirm","confirm":"391a3217-fdcf-42d4-8281-c2c7f48a26df","ts":"2026-07-01T15:49:35.338-03:00","source":{"id":"0","name":"eventBus"}}
{"__type":"$$EventMessageNode","id":"54e3079e-baf5-4da0-b7f2-8269fe6d5dd9","ts":"2026-07-01T15:49:35.339-03:00","eventName":"n8n.node.finished","message":"n8n.node.finished","payload":{"workflowId":"7zorYUSLKel4UkbC","workflowName":"02. Website Health & SEO Monitor","executionId":"184","nodeType":"n8n-nodes-base.manualTrigger","nodeName":"Manual Trigger","nodeId":"bbb00001-0001-0001-0001-000000000001"}}
{"__type":"$$EventMessageConfirm","confirm":"54e3079e-baf5-4da0-b7f2-8269fe6d5dd9","ts":"2026-07-01T15:49:35.339-03:00","source":{"id":"0","name":"eventBus"}}
{"__type":"$$EventMessageNode","id":"17ffe10e-d322-40f9-bb41-8d41560c959c","ts":"2026-07-01T15:49:35.340-03:00","eventName":"n8n.node.started","message":"n8n.node.started","payload":{"workflowId":"7zorYUSLKel4UkbC","workflowName":"02. Website Health & SEO Monitor","executionId":"184","nodeType":"n8n-nodes-base.httpRequest","nodeName":"PSI Mobile","nodeId":"bbb00002-0002-0002-0002-000000000002"}}
{"__type":"$$EventMessageConfirm","confirm":"17ffe10e-d322-40f9-bb41-8d41560c959c","ts":"2026-07-01T15:49:35.340-03:00","source":{"id":"0","name":"eventBus"}}
{"__type":"$$EventMessageNode","id":"b0901e91-853a-4a85-953b-684d02909e03","ts":"2026-07-01T15:49:43.611-03:00","eventName":"n8n.node.finished","message":"n8n.node.finished","payload":{"workflowId":"7zorYUSLKel4UkbC","workflowName":"02. Website Health & SEO Monitor","executionId":"184","nodeType":"n8n-nodes-base.httpRequest","nodeName":"PSI Mobile","nodeId":"bbb00002-0002-0002-0002-000000000002"}}
{"__type":"$$EventMessageConfirm","confirm":"b0901e91-853a-4a85-953b-684d02909e03","ts":"2026-07-01T15:49:43.611-03:00","source":{"id":"0","name":"eventBus"}}
{"__type":"$$EventMessageNode","id":"9071bd96-1809-423c-8dca-0b48044e825f","ts":"2026-07-01T15:49:43.615-03:00","eventName":"n8n.node.started","message":"n8n.node.started","payload":{"workflowId":"7zorYUSLKel4UkbC","workflowName":"02. Website Health & SEO Monitor","executionId":"184","nodeType":"n8n-nodes-base.wait","nodeName":"Wait (Rate Limit)","nodeId":"wait-psi-rate-limit-001"}}
{"__type":"$$EventMessageConfirm","confirm":"9071bd96-1809-423c-8dca-0b48044e825f","ts":"2026-07-01T15:49:43.615-03:00","source":{"id":"0","name":"eventBus"}}
{"__type":"$$EventMessageNode","id":"7fd65f68-eded-4f92-85a4-dcdf76cf2c54","ts":"2026-07-01T15:49:48.617-03:00","eventName":"n8n.node.finished","message":"n8n.node.finished","payload":{"workflowId":"7zorYUSLKel4UkbC","workflowName":"02. Website Health & SEO Monitor","executionId":"184","nodeType":"n8n-nodes-base.wait","nodeName":"Wait (Rate Limit)","nodeId":"wait-psi-rate-limit-001"}}
{"__type":"$$EventMessageConfirm","confirm":"7fd65f68-eded-4f92-85a4-dcdf76cf2c54","ts":"2026-07-01T15:49:48.617-03:00","source":{"id":"0","name":"eventBus"}}
{"__type":"$$EventMessageNode","id":"655c993c-a75b-4790-8e7d-c896ac149143","ts":"2026-07-01T15:49:48.620-03:00","eventName":"n8n.node.started","message":"n8n.node.started","payload":{"workflowId":"7zorYUSLKel4UkbC","workflowName":"02. Website Health & SEO Monitor","executionId":"184","nodeType":"n8n-nodes-base.httpRequest","nodeName":"PSI Desktop","nodeId":"bbb00003-0003-0003-0003-000000000003"}}
{"__type":"$$EventMessageConfirm","confirm":"655c993c-a75b-4790-8e7d-c896ac149143","ts":"2026-07-01T15:49:48.620-03:00","source":{"id":"0","name":"eventBus"}}
{"__type":"$$EventMessageNode","id":"7116d4a8-9d09-4082-a9c3-a555d6d1d3b8","ts":"2026-07-01T15:49:56.979-03:00","eventName":"n8n.node.finished","message":"n8n.node.finished","payload":{"workflowId":"7zorYUSLKel4UkbC","workflowName":"02. Website Health & SEO Monitor","executionId":"184","nodeType":"n8n-nodes-base.httpRequest","nodeName":"PSI Desktop","nodeId":"bbb00003-0003-0003-0003-000000000003"}}
{"__type":"$$EventMessageConfirm","confirm":"7116d4a8-9d09-4082-a9c3-a555d6d1d3b8","ts":"2026-07-01T15:49:56.980-03:00","source":{"id":"0","name":"eventBus"}}
{"__type":"$$EventMessageNode","id":"70a5310b-2ca8-489f-8c96-ba90166b1bae","ts":"2026-07-01T15:49:56.982-03:00","eventName":"n8n.node.started","message":"n8n.node.started","payload":{"workflowId":"7zorYUSLKel4UkbC","workflowName":"02. Website Health & SEO Monitor","executionId":"184","nodeType":"n8n-nodes-base.merge","nodeName":"Merge PSI Results","nodeId":"bbb00004-0004-0004-0004-000000000004"}}
{"__type":"$$EventMessageConfirm","confirm":"70a5310b-2ca8-489f-8c96-ba90166b1bae","ts":"2026-07-01T15:49:56.982-03:00","source":{"id":"0","name":"eventBus"}}
{"__type":"$$EventMessageNode","id":"2c9cfeed-990b-4915-9885-0dd28bad3790","ts":"2026-07-01T15:49:57.004-03:00","eventName":"n8n.node.finished","message":"n8n.node.finished","payload":{"workflowId":"7zorYUSLKel4UkbC","workflowName":"02. Website Health & SEO Monitor","executionId":"184","nodeType":"n8n-nodes-base.merge","nodeName":"Merge PSI Results","nodeId":"bbb00004-0004-0004-0004-000000000004"}}
{"__type":"$$EventMessageConfirm","confirm":"2c9cfeed-990b-4915-9885-0dd28bad3790","ts":"2026-07-01T15:49:57.004-03:00","source":{"id":"0","name":"eventBus"}}
{"__type":"$$EventMessageNode","id":"9d6d939c-7dc0-4241-82aa-16679fdc5117","ts":"2026-07-01T15:49:57.006-03:00","eventName":"n8n.node.started","message":"n8n.node.started","payload":{"workflowId":"7zorYUSLKel4UkbC","workflowName":"02. Website Health & SEO Monitor","executionId":"184","nodeType":"n8n-nodes-base.code","nodeName":"Generar Reporte SEO","nodeId":"bbb00005-0005-0005-0005-000000000005"}}
{"__type":"$$EventMessageConfirm","confirm":"9d6d939c-7dc0-4241-82aa-16679fdc5117","ts":"2026-07-01T15:49:57.007-03:00","source":{"id":"0","name":"eventBus"}}
{"__type":"$$EventMessageRunner","id":"2b215641-b9aa-4fd0-94bc-021fb1a1e8c7","ts":"2026-07-01T15:49:57.008-03:00","eventName":"n8n.runner.task.requested","message":"n8n.runner.task.requested","payload":{"taskId":"XSKbLbsL","nodeId":"bbb00005-0005-0005-0005-000000000005","workflowId":"7zorYUSLKel4UkbC","executionId":"184"}}
{"__type":"$$EventMessageConfirm","confirm":"2b215641-b9aa-4fd0-94bc-021fb1a1e8c7","ts":"2026-07-01T15:49:57.008-03:00","source":{"id":"0","name":"eventBus"}}
{"__type":"$$EventMessageRunner","id":"872a8ec6-05e4-49cf-8c76-c74267b342f4","ts":"2026-07-01T15:49:57.058-03:00","eventName":"n8n.runner.response.received","message":"n8n.runner.response.received","payload":{"taskId":"XSKbLbsL","nodeId":"bbb00005-0005-0005-0005-000000000005","workflowId":"7zorYUSLKel4UkbC","executionId":"184"}}
{"__type":"$$EventMessageConfirm","confirm":"872a8ec6-05e4-49cf-8c76-c74267b342f4","ts":"2026-07-01T15:49:57.058-03:00","source":{"id":"0","name":"eventBus"}}
{"__type":"$$EventMessageNode","id":"f4a0e853-e588-4161-bcf0-faac313cb736","ts":"2026-07-01T15:49:57.059-03:00","eventName":"n8n.node.finished","message":"n8n.node.finished","payload":{"workflowId":"7zorYUSLKel4UkbC","workflowName":"02. Website Health & SEO Monitor","executionId":"184","nodeType":"n8n-nodes-base.code","nodeName":"Generar Reporte SEO","nodeId":"bbb00005-0005-0005-0005-000000000005"}}
{"__type":"$$EventMessageConfirm","confirm":"f4a0e853-e588-4161-bcf0-faac313cb736","ts":"2026-07-01T15:49:57.059-03:00","source":{"id":"0","name":"eventBus"}}
{"__type":"$$EventMessageNode","id":"e8f382c2-3d29-4578-bbba-28151f6d7a15","ts":"2026-07-01T15:49:57.060-03:00","eventName":"n8n.node.started","message":"n8n.node.started","payload":{"workflowId":"7zorYUSLKel4UkbC","workflowName":"02. Website Health & SEO Monitor","executionId":"184","nodeType":"n8n-nodes-base.if","nodeName":"Score < 80?","nodeId":"bbb00006-0006-0006-0006-000000000006"}}
{"__type":"$$EventMessageConfirm","confirm":"e8f382c2-3d29-4578-bbba-28151f6d7a15","ts":"2026-07-01T15:49:57.060-03:00","source":{"id":"0","name":"eventBus"}}
{"__type":"$$EventMessageNode","id":"394ae779-a8dc-43ad-b7aa-134df273a482","ts":"2026-07-01T15:49:57.068-03:00","eventName":"n8n.node.finished","message":"n8n.node.finished","payload":{"workflowId":"7zorYUSLKel4UkbC","workflowName":"02. Website Health & SEO Monitor","executionId":"184","nodeType":"n8n-nodes-base.if","nodeName":"Score < 80?","nodeId":"bbb00006-0006-0006-0006-000000000006"}}
{"__type":"$$EventMessageConfirm","confirm":"394ae779-a8dc-43ad-b7aa-134df273a482","ts":"2026-07-01T15:49:57.069-03:00","source":{"id":"0","name":"eventBus"}}
{"__type":"$$EventMessageNode","id":"2bd1af36-d8f9-4786-be4e-a61fe7c9eb2e","ts":"2026-07-01T15:49:57.069-03:00","eventName":"n8n.node.started","message":"n8n.node.started","payload":{"workflowId":"7zorYUSLKel4UkbC","workflowName":"02. Website Health & SEO Monitor","executionId":"184","nodeType":"n8n-nodes-base.gmail","nodeName":"Log Alerta","nodeId":"bbb00007-0007-0007-0007-000000000007"}}
{"__type":"$$EventMessageConfirm","confirm":"2bd1af36-d8f9-4786-be4e-a61fe7c9eb2e","ts":"2026-07-01T15:49:57.069-03:00","source":{"id":"0","name":"eventBus"}}
{"__type":"$$EventMessageNode","id":"ce537fff-1c5e-40b5-8264-8957d66d0c25","ts":"2026-07-01T15:49:57.746-03:00","eventName":"n8n.node.finished","message":"n8n.node.finished","payload":{"workflowId":"7zorYUSLKel4UkbC","workflowName":"02. Website Health & SEO Monitor","executionId":"184","nodeType":"n8n-nodes-base.gmail","nodeName":"Log Alerta","nodeId":"bbb00007-0007-0007-0007-000000000007"}}
{"__type":"$$EventMessageConfirm","confirm":"ce537fff-1c5e-40b5-8264-8957d66d0c25","ts":"2026-07-01T15:49:57.746-03:00","source":{"id":"0","name":"eventBus"}}
{"__type":"$$EventMessageWorkflow","id":"121a867d-c39f-485b-b540-8defe105fd9c","ts":"2026-07-01T15:49:57.758-03:00","eventName":"n8n.workflow.success","message":"n8n.workflow.success","payload":{"userId":"e904e65e-d840-4829-bc02-d388c616774f","executionId":"184","success":true,"isManual":true,"mode":"manual","workflowId":"7zorYUSLKel4UkbC","workflowName":"02. Website Health & SEO Monitor","projectId":"fqt8Sbkc8GWwPwDS","projectName":"Tiago Cunto Boberg <tiagoboberg@gmail.com>"}}
{"__type":"$$EventMessageConfirm","confirm":"121a867d-c39f-485b-b540-8defe105fd9c","ts":"2026-07-01T15:49:57.758-03:00","source":{"id":"0","name":"eventBus"}}
{"__type":"$$EventMessageAudit","id":"644f3110-4a64-42dd-93cb-51754152f4d5","ts":"2026-07-01T15:54:47.444-03:00","eventName":"n8n.audit.workflow.updated","message":"n8n.audit.workflow.updated","payload":{"userId":"e904e65e-d840-4829-bc02-d388c616774f","_email":"tiagoboberg@gmail.com","_firstName":"Tiago","_lastName":"Cunto Boberg","globalRole":"global:owner","workflowId":"7zorYUSLKel4UkbC","workflowName":"02. Website Health & SEO Monitor"}}
{"__type":"$$EventMessageConfirm","confirm":"644f3110-4a64-42dd-93cb-51754152f4d5","ts":"2026-07-01T15:54:47.445-03:00","source":{"id":"0","name":"eventBus"}}
{"__type":"$$EventMessageAudit","id":"29197773-4102-4b8d-8441-d66492bf9855","ts":"2026-07-01T15:55:13.902-03:00","eventName":"n8n.audit.workflow.executed","message":"n8n.audit.workflow.executed","payload":{"userId":"e904e65e-d840-4829-bc02-d388c616774f","_email":"tiagoboberg@gmail.com","_firstName":"Tiago","_lastName":"Cunto Boberg","globalRole":"global:owner","workflowId":"7zorYUSLKel4UkbC","workflowName":"02. Website Health & SEO Monitor","executionId":"185","source":"user-manual"}}
{"__type":"$$EventMessageConfirm","confirm":"29197773-4102-4b8d-8441-d66492bf9855","ts":"2026-07-01T15:55:13.902-03:00","source":{"id":"0","name":"eventBus"}}
{"__type":"$$EventMessageWorkflow","id":"5a7dc5a5-e9a6-44db-8969-b30a5dec78d7","ts":"2026-07-01T15:55:13.903-03:00","eventName":"n8n.workflow.started","message":"n8n.workflow.started","payload":{"executionId":"185","workflowId":"7zorYUSLKel4UkbC","isManual":false,"mode":"manual","workflowName":"02. Website Health & SEO Monitor","projectId":"fqt8Sbkc8GWwPwDS","projectName":"Tiago Cunto Boberg <tiagoboberg@gmail.com>"}}
{"__type":"$$EventMessageConfirm","confirm":"5a7dc5a5-e9a6-44db-8969-b30a5dec78d7","ts":"2026-07-01T15:55:13.903-03:00","source":{"id":"0","name":"eventBus"}}
{"__type":"$$EventMessageNode","id":"17cd1d21-f7c6-4f53-9185-4ddc15224515","ts":"2026-07-01T15:55:13.915-03:00","eventName":"n8n.node.started","message":"n8n.node.started","payload":{"workflowId":"7zorYUSLKel4UkbC","workflowName":"02. Website Health & SEO Monitor","executionId":"185","nodeType":"n8n-nodes-base.manualTrigger","nodeName":"Manual Trigger","nodeId":"bbb00001-0001-0001-0001-000000000001"}}
{"__type":"$$EventMessageConfirm","confirm":"17cd1d21-f7c6-4f53-9185-4ddc15224515","ts":"2026-07-01T15:55:13.915-03:00","source":{"id":"0","name":"eventBus"}}
{"__type":"$$EventMessageNode","id":"904a383a-e00d-415c-a26c-f4502df13164","ts":"2026-07-01T15:55:13.916-03:00","eventName":"n8n.node.finished","message":"n8n.node.finished","payload":{"workflowId":"7zorYUSLKel4UkbC","workflowName":"02. Website Health & SEO Monitor","executionId":"185","nodeType":"n8n-nodes-base.manualTrigger","nodeName":"Manual Trigger","nodeId":"bbb00001-0001-0001-0001-000000000001"}}
{"__type":"$$EventMessageConfirm","confirm":"904a383a-e00d-415c-a26c-f4502df13164","ts":"2026-07-01T15:55:13.916-03:00","source":{"id":"0","name":"eventBus"}}
{"__type":"$$EventMessageNode","id":"722432f0-9254-4b1b-af1c-32f9ba5a4ddc","ts":"2026-07-01T15:55:13.917-03:00","eventName":"n8n.node.started","message":"n8n.node.started","payload":{"workflowId":"7zorYUSLKel4UkbC","workflowName":"02. Website Health & SEO Monitor","executionId":"185","nodeType":"n8n-nodes-base.httpRequest","nodeName":"PSI Mobile","nodeId":"bbb00002-0002-0002-0002-000000000002"}}
{"__type":"$$EventMessageConfirm","confirm":"722432f0-9254-4b1b-af1c-32f9ba5a4ddc","ts":"2026-07-01T15:55:13.917-03:00","source":{"id":"0","name":"eventBus"}}
{"__type":"$$EventMessageNode","id":"50c6c1f5-1d18-40fa-997b-c727ced5c341","ts":"2026-07-01T15:55:28.887-03:00","eventName":"n8n.node.finished","message":"n8n.node.finished","payload":{"workflowId":"7zorYUSLKel4UkbC","workflowName":"02. Website Health & SEO Monitor","executionId":"185","nodeType":"n8n-nodes-base.httpRequest","nodeName":"PSI Mobile","nodeId":"bbb00002-0002-0002-0002-000000000002"}}
{"__type":"$$EventMessageConfirm","confirm":"50c6c1f5-1d18-40fa-997b-c727ced5c341","ts":"2026-07-01T15:55:28.888-03:00","source":{"id":"0","name":"eventBus"}}
{"__type":"$$EventMessageNode","id":"be128f8b-a641-4a4e-b747-c962a92f52fb","ts":"2026-07-01T15:55:28.891-03:00","eventName":"n8n.node.started","message":"n8n.node.started","payload":{"workflowId":"7zorYUSLKel4UkbC","workflowName":"02. Website Health & SEO Monitor","executionId":"185","nodeType":"n8n-nodes-base.wait","nodeName":"Wait (Rate Limit)","nodeId":"wait-psi-rate-limit-001"}}
{"__type":"$$EventMessageConfirm","confirm":"be128f8b-a641-4a4e-b747-c962a92f52fb","ts":"2026-07-01T15:55:28.891-03:00","source":{"id":"0","name":"eventBus"}}
{"__type":"$$EventMessageNode","id":"43473154-5cfc-4990-a976-12719f8a421a","ts":"2026-07-01T15:55:33.892-03:00","eventName":"n8n.node.finished","message":"n8n.node.finished","payload":{"workflowId":"7zorYUSLKel4UkbC","workflowName":"02. Website Health & SEO Monitor","executionId":"185","nodeType":"n8n-nodes-base.wait","nodeName":"Wait (Rate Limit)","nodeId":"wait-psi-rate-limit-001"}}
{"__type":"$$EventMessageConfirm","confirm":"43473154-5cfc-4990-a976-12719f8a421a","ts":"2026-07-01T15:55:33.892-03:00","source":{"id":"0","name":"eventBus"}}
{"__type":"$$EventMessageNode","id":"4a63c596-294c-408f-b53d-4d59754ff452","ts":"2026-07-01T15:55:33.896-03:00","eventName":"n8n.node.started","message":"n8n.node.started","payload":{"workflowId":"7zorYUSLKel4UkbC","workflowName":"02. Website Health & SEO Monitor","executionId":"185","nodeType":"n8n-nodes-base.httpRequest","nodeName":"PSI Desktop","nodeId":"bbb00003-0003-0003-0003-000000000003"}}
{"__type":"$$EventMessageConfirm","confirm":"4a63c596-294c-408f-b53d-4d59754ff452","ts":"2026-07-01T15:55:33.897-03:00","source":{"id":"0","name":"eventBus"}}
{"__type":"$$EventMessageNode","id":"7c28bf3d-4bae-448d-ba60-b2d3acc5b66b","ts":"2026-07-01T15:55:43.146-03:00","eventName":"n8n.node.finished","message":"n8n.node.finished","payload":{"workflowId":"7zorYUSLKel4UkbC","workflowName":"02. Website Health & SEO Monitor","executionId":"185","nodeType":"n8n-nodes-base.httpRequest","nodeName":"PSI Desktop","nodeId":"bbb00003-0003-0003-0003-000000000003"}}
{"__type":"$$EventMessageConfirm","confirm":"7c28bf3d-4bae-448d-ba60-b2d3acc5b66b","ts":"2026-07-01T15:55:43.146-03:00","source":{"id":"0","name":"eventBus"}}
{"__type":"$$EventMessageNode","id":"3758b158-052e-4237-8388-4748c2f1f81f","ts":"2026-07-01T15:55:43.152-03:00","eventName":"n8n.node.started","message":"n8n.node.started","payload":{"workflowId":"7zorYUSLKel4UkbC","workflowName":"02. Website Health & SEO Monitor","executionId":"185","nodeType":"n8n-nodes-base.merge","nodeName":"Merge PSI Results","nodeId":"bbb00004-0004-0004-0004-000000000004"}}
{"__type":"$$EventMessageConfirm","confirm":"3758b158-052e-4237-8388-4748c2f1f81f","ts":"2026-07-01T15:55:43.153-03:00","source":{"id":"0","name":"eventBus"}}
{"__type":"$$EventMessageNode","id":"4ecf917d-5d81-4fab-a9a1-3658ace513bc","ts":"2026-07-01T15:55:43.155-03:00","eventName":"n8n.node.finished","message":"n8n.node.finished","payload":{"workflowId":"7zorYUSLKel4UkbC","workflowName":"02. Website Health & SEO Monitor","executionId":"185","nodeType":"n8n-nodes-base.merge","nodeName":"Merge PSI Results","nodeId":"bbb00004-0004-0004-0004-000000000004"}}
{"__type":"$$EventMessageConfirm","confirm":"4ecf917d-5d81-4fab-a9a1-3658ace513bc","ts":"2026-07-01T15:55:43.155-03:00","source":{"id":"0","name":"eventBus"}}
{"__type":"$$EventMessageNode","id":"e68035a3-e36b-4999-af53-8dba82f9130e","ts":"2026-07-01T15:55:43.164-03:00","eventName":"n8n.node.started","message":"n8n.node.started","payload":{"workflowId":"7zorYUSLKel4UkbC","workflowName":"02. Website Health & SEO Monitor","executionId":"185","nodeType":"n8n-nodes-base.code","nodeName":"Generar Reporte SEO","nodeId":"bbb00005-0005-0005-0005-000000000005"}}
{"__type":"$$EventMessageConfirm","confirm":"e68035a3-e36b-4999-af53-8dba82f9130e","ts":"2026-07-01T15:55:43.165-03:00","source":{"id":"0","name":"eventBus"}}
{"__type":"$$EventMessageRunner","id":"c0b5c856-58de-4ffa-b8c7-7995e5da6c7f","ts":"2026-07-01T15:55:43.166-03:00","eventName":"n8n.runner.task.requested","message":"n8n.runner.task.requested","payload":{"taskId":"civp5n2X","nodeId":"bbb00005-0005-0005-0005-000000000005","workflowId":"7zorYUSLKel4UkbC","executionId":"185"}}
{"__type":"$$EventMessageConfirm","confirm":"c0b5c856-58de-4ffa-b8c7-7995e5da6c7f","ts":"2026-07-01T15:55:43.167-03:00","source":{"id":"0","name":"eventBus"}}
{"__type":"$$EventMessageRunner","id":"d9a08c8a-ac18-488d-a2e8-8b93793f5836","ts":"2026-07-01T15:55:43.237-03:00","eventName":"n8n.runner.response.received","message":"n8n.runner.response.received","payload":{"taskId":"civp5n2X","nodeId":"bbb00005-0005-0005-0005-000000000005","workflowId":"7zorYUSLKel4UkbC","executionId":"185"}}
{"__type":"$$EventMessageConfirm","confirm":"d9a08c8a-ac18-488d-a2e8-8b93793f5836","ts":"2026-07-01T15:55:43.237-03:00","source":{"id":"0","name":"eventBus"}}
{"__type":"$$EventMessageNode","id":"376f02a9-3b6e-46bc-bbfc-edad36f005a1","ts":"2026-07-01T15:55:43.237-03:00","eventName":"n8n.node.finished","message":"n8n.node.finished","payload":{"workflowId":"7zorYUSLKel4UkbC","workflowName":"02. Website Health & SEO Monitor","executionId":"185","nodeType":"n8n-nodes-base.code","nodeName":"Generar Reporte SEO","nodeId":"bbb00005-0005-0005-0005-000000000005"}}
{"__type":"$$EventMessageConfirm","confirm":"376f02a9-3b6e-46bc-bbfc-edad36f005a1","ts":"2026-07-01T15:55:43.237-03:00","source":{"id":"0","name":"eventBus"}}
{"__type":"$$EventMessageNode","id":"e686e7c0-3eed-4a2b-bd0e-55961bc791d6","ts":"2026-07-01T15:55:43.238-03:00","eventName":"n8n.node.started","message":"n8n.node.started","payload":{"workflowId":"7zorYUSLKel4UkbC","workflowName":"02. Website Health & SEO Monitor","executionId":"185","nodeType":"n8n-nodes-base.if","nodeName":"Score < 80?","nodeId":"bbb00006-0006-0006-0006-000000000006"}}
{"__type":"$$EventMessageConfirm","confirm":"e686e7c0-3eed-4a2b-bd0e-55961bc791d6","ts":"2026-07-01T15:55:43.238-03:00","source":{"id":"0","name":"eventBus"}}
{"__type":"$$EventMessageNode","id":"20991f07-9928-4e1a-a991-7383995777ff","ts":"2026-07-01T15:55:43.240-03:00","eventName":"n8n.node.finished","message":"n8n.node.finished","payload":{"workflowId":"7zorYUSLKel4UkbC","workflowName":"02. Website Health & SEO Monitor","executionId":"185","nodeType":"n8n-nodes-base.if","nodeName":"Score < 80?","nodeId":"bbb00006-0006-0006-0006-000000000006"}}
{"__type":"$$EventMessageConfirm","confirm":"20991f07-9928-4e1a-a991-7383995777ff","ts":"2026-07-01T15:55:43.240-03:00","source":{"id":"0","name":"eventBus"}}
{"__type":"$$EventMessageNode","id":"189d329a-4678-478a-b431-57d7d4581460","ts":"2026-07-01T15:55:43.241-03:00","eventName":"n8n.node.started","message":"n8n.node.started","payload":{"workflowId":"7zorYUSLKel4UkbC","workflowName":"02. Website Health & SEO Monitor","executionId":"185","nodeType":"n8n-nodes-base.gmail","nodeName":"Log OK","nodeId":"bbb00008-0008-0008-0008-000000000008"}}
{"__type":"$$EventMessageConfirm","confirm":"189d329a-4678-478a-b431-57d7d4581460","ts":"2026-07-01T15:55:43.241-03:00","source":{"id":"0","name":"eventBus"}}
{"__type":"$$EventMessageNode","id":"f4bfcafb-eeb4-4d11-92dc-839a359f7432","ts":"2026-07-01T15:55:43.879-03:00","eventName":"n8n.node.finished","message":"n8n.node.finished","payload":{"workflowId":"7zorYUSLKel4UkbC","workflowName":"02. Website Health & SEO Monitor","executionId":"185","nodeType":"n8n-nodes-base.gmail","nodeName":"Log OK","nodeId":"bbb00008-0008-0008-0008-000000000008"}}
{"__type":"$$EventMessageConfirm","confirm":"f4bfcafb-eeb4-4d11-92dc-839a359f7432","ts":"2026-07-01T15:55:43.879-03:00","source":{"id":"0","name":"eventBus"}}
{"__type":"$$EventMessageWorkflow","id":"1b090d89-5f7c-4d8a-b5a9-3d77210c4d50","ts":"2026-07-01T15:55:43.885-03:00","eventName":"n8n.workflow.success","message":"n8n.workflow.success","payload":{"userId":"e904e65e-d840-4829-bc02-d388c616774f","executionId":"185","success":true,"isManual":true,"mode":"manual","workflowId":"7zorYUSLKel4UkbC","workflowName":"02. Website Health & SEO Monitor","projectId":"fqt8Sbkc8GWwPwDS","projectName":"Tiago Cunto Boberg <tiagoboberg@gmail.com>"}}
{"__type":"$$EventMessageConfirm","confirm":"1b090d89-5f7c-4d8a-b5a9-3d77210c4d50","ts":"2026-07-01T15:55:43.885-03:00","source":{"id":"0","name":"eventBus"}}
{"__type":"$$EventMessageAudit","id":"54988bf2-b1cb-4720-ad91-8a1391b1004b","ts":"2026-07-01T16:12:42.207-03:00","eventName":"n8n.audit.workflow.executed","message":"n8n.audit.workflow.executed","payload":{"userId":"e904e65e-d840-4829-bc02-d388c616774f","_email":"tiagoboberg@gmail.com","_firstName":"Tiago","_lastName":"Cunto Boberg","globalRole":"global:owner","workflowId":"V94be0IzqzlUnAyL","workflowName":"06b. Carrito Abandonado","executionId":"186","source":"user-manual"}}
{"__type":"$$EventMessageConfirm","confirm":"54988bf2-b1cb-4720-ad91-8a1391b1004b","ts":"2026-07-01T16:12:42.207-03:00","source":{"id":"0","name":"eventBus"}}
{"__type":"$$EventMessageWorkflow","id":"e10ea001-fa65-4ec6-9cc9-ee9a0d6f1926","ts":"2026-07-01T16:12:42.209-03:00","eventName":"n8n.workflow.started","message":"n8n.workflow.started","payload":{"executionId":"186","workflowId":"V94be0IzqzlUnAyL","isManual":false,"mode":"manual","workflowName":"06b. Carrito Abandonado","projectId":"fqt8Sbkc8GWwPwDS","projectName":"Tiago Cunto Boberg <tiagoboberg@gmail.com>"}}
{"__type":"$$EventMessageConfirm","confirm":"e10ea001-fa65-4ec6-9cc9-ee9a0d6f1926","ts":"2026-07-01T16:12:42.209-03:00","source":{"id":"0","name":"eventBus"}}
{"__type":"$$EventMessageNode","id":"f3e6ebd9-17c3-4a0b-8d80-1aea2c915015","ts":"2026-07-01T16:12:42.226-03:00","eventName":"n8n.node.started","message":"n8n.node.started","payload":{"workflowId":"V94be0IzqzlUnAyL","workflowName":"06b. Carrito Abandonado","executionId":"186","nodeType":"n8n-nodes-base.manualTrigger","nodeName":"Manual Trigger","nodeId":"manual-trigger"}}
{"__type":"$$EventMessageConfirm","confirm":"f3e6ebd9-17c3-4a0b-8d80-1aea2c915015","ts":"2026-07-01T16:12:42.226-03:00","source":{"id":"0","name":"eventBus"}}
{"__type":"$$EventMessageNode","id":"1491c8e5-c66d-4fa8-89dd-0ca6012b18b6","ts":"2026-07-01T16:12:42.228-03:00","eventName":"n8n.node.finished","message":"n8n.node.finished","payload":{"workflowId":"V94be0IzqzlUnAyL","workflowName":"06b. Carrito Abandonado","executionId":"186","nodeType":"n8n-nodes-base.manualTrigger","nodeName":"Manual Trigger","nodeId":"manual-trigger"}}
{"__type":"$$EventMessageConfirm","confirm":"1491c8e5-c66d-4fa8-89dd-0ca6012b18b6","ts":"2026-07-01T16:12:42.228-03:00","source":{"id":"0","name":"eventBus"}}
{"__type":"$$EventMessageNode","id":"af5cae36-6e06-422d-8de2-bcfafa93088e","ts":"2026-07-01T16:12:42.229-03:00","eventName":"n8n.node.started","message":"n8n.node.started","payload":{"workflowId":"V94be0IzqzlUnAyL","workflowName":"06b. Carrito Abandonado","executionId":"186","nodeType":"n8n-nodes-base.httpRequest","nodeName":"GET /mock/abandoned-carts","nodeId":"get-carts"}}
{"__type":"$$EventMessageConfirm","confirm":"af5cae36-6e06-422d-8de2-bcfafa93088e","ts":"2026-07-01T16:12:42.230-03:00","source":{"id":"0","name":"eventBus"}}
{"__type":"$$EventMessageNode","id":"9124f841-a914-486e-817c-9720863b512e","ts":"2026-07-01T16:12:42.424-03:00","eventName":"n8n.node.finished","message":"n8n.node.finished","payload":{"workflowId":"V94be0IzqzlUnAyL","workflowName":"06b. Carrito Abandonado","executionId":"186","nodeType":"n8n-nodes-base.httpRequest","nodeName":"GET /mock/abandoned-carts","nodeId":"get-carts"}}
{"__type":"$$EventMessageConfirm","confirm":"9124f841-a914-486e-817c-9720863b512e","ts":"2026-07-01T16:12:42.424-03:00","source":{"id":"0","name":"eventBus"}}
{"__type":"$$EventMessageNode","id":"c696ada1-0ba8-4859-a7e0-7133e5182a02","ts":"2026-07-01T16:12:42.425-03:00","eventName":"n8n.node.started","message":"n8n.node.started","payload":{"workflowId":"V94be0IzqzlUnAyL","workflowName":"06b. Carrito Abandonado","executionId":"186","nodeType":"n8n-nodes-base.code","nodeName":"Agrupar por cliente","nodeId":"agrupar"}}
{"__type":"$$EventMessageConfirm","confirm":"c696ada1-0ba8-4859-a7e0-7133e5182a02","ts":"2026-07-01T16:12:42.425-03:00","source":{"id":"0","name":"eventBus"}}
{"__type":"$$EventMessageRunner","id":"df4ca647-0148-47b8-86e4-8915e203d49a","ts":"2026-07-01T16:12:42.427-03:00","eventName":"n8n.runner.task.requested","message":"n8n.runner.task.requested","payload":{"taskId":"A-BXdck-","nodeId":"agrupar","workflowId":"V94be0IzqzlUnAyL","executionId":"186"}}
{"__type":"$$EventMessageConfirm","confirm":"df4ca647-0148-47b8-86e4-8915e203d49a","ts":"2026-07-01T16:12:42.427-03:00","source":{"id":"0","name":"eventBus"}}
{"__type":"$$EventMessageRunner","id":"5a0c2085-119c-4a10-9bc2-e7a1abe0de9e","ts":"2026-07-01T16:12:42.435-03:00","eventName":"n8n.runner.response.received","message":"n8n.runner.response.received","payload":{"taskId":"A-BXdck-","nodeId":"agrupar","workflowId":"V94be0IzqzlUnAyL","executionId":"186"}}
{"__type":"$$EventMessageConfirm","confirm":"5a0c2085-119c-4a10-9bc2-e7a1abe0de9e","ts":"2026-07-01T16:12:42.435-03:00","source":{"id":"0","name":"eventBus"}}
{"__type":"$$EventMessageNode","id":"7b1ae68d-a1e0-4db0-b547-3aafdaf03e4e","ts":"2026-07-01T16:12:42.436-03:00","eventName":"n8n.node.finished","message":"n8n.node.finished","payload":{"workflowId":"V94be0IzqzlUnAyL","workflowName":"06b. Carrito Abandonado","executionId":"186","nodeType":"n8n-nodes-base.code","nodeName":"Agrupar por cliente","nodeId":"agrupar"}}
{"__type":"$$EventMessageConfirm","confirm":"7b1ae68d-a1e0-4db0-b547-3aafdaf03e4e","ts":"2026-07-01T16:12:42.436-03:00","source":{"id":"0","name":"eventBus"}}
{"__type":"$$EventMessageNode","id":"e10636c9-a2d4-4c9f-bb34-bb8e5114f840","ts":"2026-07-01T16:12:42.436-03:00","eventName":"n8n.node.started","message":"n8n.node.started","payload":{"workflowId":"V94be0IzqzlUnAyL","workflowName":"06b. Carrito Abandonado","executionId":"186","nodeType":"n8n-nodes-base.code","nodeName":"Generar Email Descuento","nodeId":"generar-email"}}
{"__type":"$$EventMessageConfirm","confirm":"e10636c9-a2d4-4c9f-bb34-bb8e5114f840","ts":"2026-07-01T16:12:42.437-03:00","source":{"id":"0","name":"eventBus"}}
{"__type":"$$EventMessageRunner","id":"dc9ab9c9-5500-41ba-8d28-6803ab1165f3","ts":"2026-07-01T16:12:42.438-03:00","eventName":"n8n.runner.task.requested","message":"n8n.runner.task.requested","payload":{"taskId":"qb_f-snf","nodeId":"generar-email","workflowId":"V94be0IzqzlUnAyL","executionId":"186"}}
{"__type":"$$EventMessageConfirm","confirm":"dc9ab9c9-5500-41ba-8d28-6803ab1165f3","ts":"2026-07-01T16:12:42.438-03:00","source":{"id":"0","name":"eventBus"}}
{"__type":"$$EventMessageRunner","id":"4047c270-0907-400b-8cfa-0d6ddac8aa2e","ts":"2026-07-01T16:12:42.454-03:00","eventName":"n8n.runner.response.received","message":"n8n.runner.response.received","payload":{"taskId":"qb_f-snf","nodeId":"generar-email","workflowId":"V94be0IzqzlUnAyL","executionId":"186"}}
{"__type":"$$EventMessageConfirm","confirm":"4047c270-0907-400b-8cfa-0d6ddac8aa2e","ts":"2026-07-01T16:12:42.454-03:00","source":{"id":"0","name":"eventBus"}}
{"__type":"$$EventMessageNode","id":"fb29e79c-9cee-4dfc-bd29-fae4af781325","ts":"2026-07-01T16:12:42.455-03:00","eventName":"n8n.node.finished","message":"n8n.node.finished","payload":{"workflowId":"V94be0IzqzlUnAyL","workflowName":"06b. Carrito Abandonado","executionId":"186","nodeType":"n8n-nodes-base.code","nodeName":"Generar Email Descuento","nodeId":"generar-email"}}
{"__type":"$$EventMessageConfirm","confirm":"fb29e79c-9cee-4dfc-bd29-fae4af781325","ts":"2026-07-01T16:12:42.455-03:00","source":{"id":"0","name":"eventBus"}}
{"__type":"$$EventMessageNode","id":"9c59c3c0-0c2f-43b7-872f-0c4ebc718335","ts":"2026-07-01T16:12:42.456-03:00","eventName":"n8n.node.started","message":"n8n.node.started","payload":{"workflowId":"V94be0IzqzlUnAyL","workflowName":"06b. Carrito Abandonado","executionId":"186","nodeType":"n8n-nodes-base.limit","nodeName":"Limitar a 1 (TESIS)","nodeId":"limit-one"}}
{"__type":"$$EventMessageConfirm","confirm":"9c59c3c0-0c2f-43b7-872f-0c4ebc718335","ts":"2026-07-01T16:12:42.456-03:00","source":{"id":"0","name":"eventBus"}}
{"__type":"$$EventMessageNode","id":"4a3f68e8-7ace-4a3d-822c-60ea19364316","ts":"2026-07-01T16:12:42.457-03:00","eventName":"n8n.node.finished","message":"n8n.node.finished","payload":{"workflowId":"V94be0IzqzlUnAyL","workflowName":"06b. Carrito Abandonado","executionId":"186","nodeType":"n8n-nodes-base.limit","nodeName":"Limitar a 1 (TESIS)","nodeId":"limit-one"}}
{"__type":"$$EventMessageConfirm","confirm":"4a3f68e8-7ace-4a3d-822c-60ea19364316","ts":"2026-07-01T16:12:42.457-03:00","source":{"id":"0","name":"eventBus"}}
{"__type":"$$EventMessageNode","id":"148ffdd9-cba5-44a7-96f2-afeb2cfee48e","ts":"2026-07-01T16:12:42.457-03:00","eventName":"n8n.node.started","message":"n8n.node.started","payload":{"workflowId":"V94be0IzqzlUnAyL","workflowName":"06b. Carrito Abandonado","executionId":"186","nodeType":"n8n-nodes-base.gmail","nodeName":"Gmail — Enviar Descuento (TESIS)","nodeId":"gmail-tesis"}}
{"__type":"$$EventMessageConfirm","confirm":"148ffdd9-cba5-44a7-96f2-afeb2cfee48e","ts":"2026-07-01T16:12:42.458-03:00","source":{"id":"0","name":"eventBus"}}
{"__type":"$$EventMessageNode","id":"3a61c7a9-e6ec-4db9-a0c5-28fc33c5943b","ts":"2026-07-01T16:12:43.112-03:00","eventName":"n8n.node.finished","message":"n8n.node.finished","payload":{"workflowId":"V94be0IzqzlUnAyL","workflowName":"06b. Carrito Abandonado","executionId":"186","nodeType":"n8n-nodes-base.gmail","nodeName":"Gmail — Enviar Descuento (TESIS)","nodeId":"gmail-tesis"}}
{"__type":"$$EventMessageConfirm","confirm":"3a61c7a9-e6ec-4db9-a0c5-28fc33c5943b","ts":"2026-07-01T16:12:43.112-03:00","source":{"id":"0","name":"eventBus"}}
{"__type":"$$EventMessageWorkflow","id":"6a8df2ff-80c8-4c74-88b5-d612ba80ba36","ts":"2026-07-01T16:12:43.117-03:00","eventName":"n8n.workflow.success","message":"n8n.workflow.success","payload":{"userId":"e904e65e-d840-4829-bc02-d388c616774f","executionId":"186","success":true,"isManual":true,"mode":"manual","workflowId":"V94be0IzqzlUnAyL","workflowName":"06b. Carrito Abandonado","projectId":"fqt8Sbkc8GWwPwDS","projectName":"Tiago Cunto Boberg <tiagoboberg@gmail.com>"}}
{"__type":"$$EventMessageConfirm","confirm":"6a8df2ff-80c8-4c74-88b5-d612ba80ba36","ts":"2026-07-01T16:12:43.117-03:00","source":{"id":"0","name":"eventBus"}}
{"__type":"$$EventMessageAudit","id":"00eee679-363e-4d4b-89e5-50508a1751dd","ts":"2026-07-01T16:13:41.742-03:00","eventName":"n8n.audit.workflow.executed","message":"n8n.audit.workflow.executed","payload":{"userId":"e904e65e-d840-4829-bc02-d388c616774f","_email":"tiagoboberg@gmail.com","_firstName":"Tiago","_lastName":"Cunto Boberg","globalRole":"global:owner","workflowId":"pIlvvd0nTN7mfJOL","workflowName":"07. Logistics & Shipping Automation","executionId":"187","source":"user-manual"}}
{"__type":"$$EventMessageConfirm","confirm":"00eee679-363e-4d4b-89e5-50508a1751dd","ts":"2026-07-01T16:13:41.742-03:00","source":{"id":"0","name":"eventBus"}}
{"__type":"$$EventMessageWorkflow","id":"99412d29-d5ae-4b19-bd48-ce1dfd1381ea","ts":"2026-07-01T16:13:41.743-03:00","eventName":"n8n.workflow.started","message":"n8n.workflow.started","payload":{"executionId":"187","workflowId":"pIlvvd0nTN7mfJOL","isManual":false,"mode":"manual","workflowName":"07. Logistics & Shipping Automation","projectId":"fqt8Sbkc8GWwPwDS","projectName":"Tiago Cunto Boberg <tiagoboberg@gmail.com>"}}
{"__type":"$$EventMessageConfirm","confirm":"99412d29-d5ae-4b19-bd48-ce1dfd1381ea","ts":"2026-07-01T16:13:41.743-03:00","source":{"id":"0","name":"eventBus"}}
{"__type":"$$EventMessageNode","id":"2702d044-f0a9-4de2-a78c-3d6a2409594f","ts":"2026-07-01T16:13:41.762-03:00","eventName":"n8n.node.started","message":"n8n.node.started","payload":{"workflowId":"pIlvvd0nTN7mfJOL","workflowName":"07. Logistics & Shipping Automation","executionId":"187","nodeType":"n8n-nodes-base.manualTrigger","nodeName":"Manual Trigger","nodeId":"node-manual-trigger"}}
{"__type":"$$EventMessageConfirm","confirm":"2702d044-f0a9-4de2-a78c-3d6a2409594f","ts":"2026-07-01T16:13:41.762-03:00","source":{"id":"0","name":"eventBus"}}
{"__type":"$$EventMessageNode","id":"1da94cfb-9d91-4d60-9f55-bc24e21e1506","ts":"2026-07-01T16:13:41.763-03:00","eventName":"n8n.node.finished","message":"n8n.node.finished","payload":{"workflowId":"pIlvvd0nTN7mfJOL","workflowName":"07. Logistics & Shipping Automation","executionId":"187","nodeType":"n8n-nodes-base.manualTrigger","nodeName":"Manual Trigger","nodeId":"node-manual-trigger"}}
{"__type":"$$EventMessageConfirm","confirm":"1da94cfb-9d91-4d60-9f55-bc24e21e1506","ts":"2026-07-01T16:13:41.763-03:00","source":{"id":"0","name":"eventBus"}}
{"__type":"$$EventMessageNode","id":"1cdbf479-40dd-4a5d-a31f-3a44c40ab78f","ts":"2026-07-01T16:13:41.769-03:00","eventName":"n8n.node.started","message":"n8n.node.started","payload":{"workflowId":"pIlvvd0nTN7mfJOL","workflowName":"07. Logistics & Shipping Automation","executionId":"187","nodeType":"n8n-nodes-base.httpRequest","nodeName":"Obtener Órdenes Confirmadas","nodeId":"node-get-orders"}}
{"__type":"$$EventMessageConfirm","confirm":"1cdbf479-40dd-4a5d-a31f-3a44c40ab78f","ts":"2026-07-01T16:13:41.769-03:00","source":{"id":"0","name":"eventBus"}}
{"__type":"$$EventMessageNode","id":"e09f462f-56f0-41c5-a43e-d303a10f9258","ts":"2026-07-01T16:13:41.792-03:00","eventName":"n8n.node.finished","message":"n8n.node.finished","payload":{"workflowId":"pIlvvd0nTN7mfJOL","workflowName":"07. Logistics & Shipping Automation","executionId":"187","nodeType":"n8n-nodes-base.httpRequest","nodeName":"Obtener Órdenes Confirmadas","nodeId":"node-get-orders"}}
{"__type":"$$EventMessageConfirm","confirm":"e09f462f-56f0-41c5-a43e-d303a10f9258","ts":"2026-07-01T16:13:41.792-03:00","source":{"id":"0","name":"eventBus"}}
{"__type":"$$EventMessageNode","id":"e53a5bd9-23b1-4bbe-9e39-c2c1f6a3222d","ts":"2026-07-01T16:13:41.805-03:00","eventName":"n8n.node.started","message":"n8n.node.started","payload":{"workflowId":"pIlvvd0nTN7mfJOL","workflowName":"07. Logistics & Shipping Automation","executionId":"187","nodeType":"n8n-nodes-base.code","nodeName":"Limitar a 3 Órdenes (Demo)","nodeId":"node-limit"}}
{"__type":"$$EventMessageConfirm","confirm":"e53a5bd9-23b1-4bbe-9e39-c2c1f6a3222d","ts":"2026-07-01T16:13:41.805-03:00","source":{"id":"0","name":"eventBus"}}
{"__type":"$$EventMessageRunner","id":"0a73e576-70f0-4d8c-a817-1014718c0e95","ts":"2026-07-01T16:13:41.807-03:00","eventName":"n8n.runner.task.requested","message":"n8n.runner.task.requested","payload":{"taskId":"tL73jHse","nodeId":"node-limit","workflowId":"pIlvvd0nTN7mfJOL","executionId":"187"}}
{"__type":"$$EventMessageConfirm","confirm":"0a73e576-70f0-4d8c-a817-1014718c0e95","ts":"2026-07-01T16:13:41.807-03:00","source":{"id":"0","name":"eventBus"}}
{"__type":"$$EventMessageRunner","id":"7363138b-f545-4274-b873-738092583bdc","ts":"2026-07-01T16:13:41.814-03:00","eventName":"n8n.runner.response.received","message":"n8n.runner.response.received","payload":{"taskId":"tL73jHse","nodeId":"node-limit","workflowId":"pIlvvd0nTN7mfJOL","executionId":"187"}}
{"__type":"$$EventMessageConfirm","confirm":"7363138b-f545-4274-b873-738092583bdc","ts":"2026-07-01T16:13:41.814-03:00","source":{"id":"0","name":"eventBus"}}
{"__type":"$$EventMessageNode","id":"b7686c1a-fa2f-474d-8092-5453b7ffc1e5","ts":"2026-07-01T16:13:41.814-03:00","eventName":"n8n.node.finished","message":"n8n.node.finished","payload":{"workflowId":"pIlvvd0nTN7mfJOL","workflowName":"07. Logistics & Shipping Automation","executionId":"187","nodeType":"n8n-nodes-base.code","nodeName":"Limitar a 3 Órdenes (Demo)","nodeId":"node-limit"}}
{"__type":"$$EventMessageConfirm","confirm":"b7686c1a-fa2f-474d-8092-5453b7ffc1e5","ts":"2026-07-01T16:13:41.815-03:00","source":{"id":"0","name":"eventBus"}}
{"__type":"$$EventMessageNode","id":"9f553760-6882-4463-9ed6-38e0ae8a7a92","ts":"2026-07-01T16:13:41.831-03:00","eventName":"n8n.node.started","message":"n8n.node.started","payload":{"workflowId":"pIlvvd0nTN7mfJOL","workflowName":"07. Logistics & Shipping Automation","executionId":"187","nodeType":"n8n-nodes-base.code","nodeName":"Generar Remitos y Resumen","nodeId":"node-procesar-todo"}}
{"__type":"$$EventMessageConfirm","confirm":"9f553760-6882-4463-9ed6-38e0ae8a7a92","ts":"2026-07-01T16:13:41.832-03:00","source":{"id":"0","name":"eventBus"}}
{"__type":"$$EventMessageRunner","id":"acb09be2-c962-498b-bd83-1935246b3add","ts":"2026-07-01T16:13:41.838-03:00","eventName":"n8n.runner.task.requested","message":"n8n.runner.task.requested","payload":{"taskId":"geAb0aWj","nodeId":"node-procesar-todo","workflowId":"pIlvvd0nTN7mfJOL","executionId":"187"}}
{"__type":"$$EventMessageConfirm","confirm":"acb09be2-c962-498b-bd83-1935246b3add","ts":"2026-07-01T16:13:41.838-03:00","source":{"id":"0","name":"eventBus"}}
{"__type":"$$EventMessageRunner","id":"7fead5bc-d660-4259-bb23-ab3ef0d48028","ts":"2026-07-01T16:13:41.862-03:00","eventName":"n8n.runner.response.received","message":"n8n.runner.response.received","payload":{"taskId":"geAb0aWj","nodeId":"node-procesar-todo","workflowId":"pIlvvd0nTN7mfJOL","executionId":"187"}}
{"__type":"$$EventMessageConfirm","confirm":"7fead5bc-d660-4259-bb23-ab3ef0d48028","ts":"2026-07-01T16:13:41.862-03:00","source":{"id":"0","name":"eventBus"}}
{"__type":"$$EventMessageNode","id":"04dd85be-9cc1-4805-b85f-80828737cfd5","ts":"2026-07-01T16:13:41.863-03:00","eventName":"n8n.node.finished","message":"n8n.node.finished","payload":{"workflowId":"pIlvvd0nTN7mfJOL","workflowName":"07. Logistics & Shipping Automation","executionId":"187","nodeType":"n8n-nodes-base.code","nodeName":"Generar Remitos y Resumen","nodeId":"node-procesar-todo"}}
{"__type":"$$EventMessageConfirm","confirm":"04dd85be-9cc1-4805-b85f-80828737cfd5","ts":"2026-07-01T16:13:41.863-03:00","source":{"id":"0","name":"eventBus"}}
{"__type":"$$EventMessageNode","id":"9cf5b8de-4bc2-4f1c-a1fa-f38af9692ba8","ts":"2026-07-01T16:13:41.870-03:00","eventName":"n8n.node.started","message":"n8n.node.started","payload":{"workflowId":"pIlvvd0nTN7mfJOL","workflowName":"07. Logistics & Shipping Automation","executionId":"187","nodeType":"n8n-nodes-base.gmail","nodeName":"Gmail — Enviar Remitos (TESIS)","nodeId":"node-gmail-tesis"}}
{"__type":"$$EventMessageConfirm","confirm":"9cf5b8de-4bc2-4f1c-a1fa-f38af9692ba8","ts":"2026-07-01T16:13:41.870-03:00","source":{"id":"0","name":"eventBus"}}
{"__type":"$$EventMessageNode","id":"ca4b2571-4caa-4219-be25-cb2fdd5b32b4","ts":"2026-07-01T16:13:42.527-03:00","eventName":"n8n.node.finished","message":"n8n.node.finished","payload":{"workflowId":"pIlvvd0nTN7mfJOL","workflowName":"07. Logistics & Shipping Automation","executionId":"187","nodeType":"n8n-nodes-base.gmail","nodeName":"Gmail — Enviar Remitos (TESIS)","nodeId":"node-gmail-tesis"}}
{"__type":"$$EventMessageConfirm","confirm":"ca4b2571-4caa-4219-be25-cb2fdd5b32b4","ts":"2026-07-01T16:13:42.528-03:00","source":{"id":"0","name":"eventBus"}}
{"__type":"$$EventMessageWorkflow","id":"6ab0dc27-db60-403d-8ef2-8f1a7da696ad","ts":"2026-07-01T16:13:42.536-03:00","eventName":"n8n.workflow.success","message":"n8n.workflow.success","payload":{"userId":"e904e65e-d840-4829-bc02-d388c616774f","executionId":"187","success":true,"isManual":true,"mode":"manual","workflowId":"pIlvvd0nTN7mfJOL","workflowName":"07. Logistics & Shipping Automation","projectId":"fqt8Sbkc8GWwPwDS","projectName":"Tiago Cunto Boberg <tiagoboberg@gmail.com>"}}
{"__type":"$$EventMessageConfirm","confirm":"6ab0dc27-db60-403d-8ef2-8f1a7da696ad","ts":"2026-07-01T16:13:42.536-03:00","source":{"id":"0","name":"eventBus"}}
